::1 - - [06/Apr/2022:03:34:26 +0000] "POST /api/users HTTP/1.1" 400 256 "-" "PostmanRuntime/7.29.0"
::ffff:127.0.0.1 - - [06/Apr/2022:03:34:56 +0000] "GET /api/products/61d6c81af01ac04d56d52793 HTTP/1.1" 304 - "http://localhost:3000/product/61d6c81af01ac04d56d52793" "Mozilla/5.0 (Windows NT 10.0; Win64; x64) AppleWebKit/537.36 (KHTML, like Gecko) Chrome/99.0.4844.84 Safari/537.36"
::ffff:127.0.0.1 - - [06/Apr/2022:03:34:58 +0000] "GET /api/products/61d6c81af01ac04d56d52793 HTTP/1.1" 304 - "http://localhost:3000/cart/61d6c81af01ac04d56d52793?qty=1" "Mozilla/5.0 (Windows NT 10.0; Win64; x64) AppleWebKit/537.36 (KHTML, like Gecko) Chrome/99.0.4844.84 Safari/537.36"
::ffff:127.0.0.1 - - [06/Apr/2022:03:36:22 +0000] "GET /images/broccoli-250g.jpeg HTTP/1.1" 404 2228 "http://localhost:3000/" "Mozilla/5.0 (Windows NT 10.0; Win64; x64) AppleWebKit/537.36 (KHTML, like Gecko) Chrome/99.0.4844.84 Safari/537.36"
::ffff:127.0.0.1 - - [06/Apr/2022:03:36:22 +0000] "GET /api/products?keyword= HTTP/1.1" 304 - "http://localhost:3000/" "Mozilla/5.0 (Windows NT 10.0; Win64; x64) AppleWebKit/537.36 (KHTML, like Gecko) Chrome/99.0.4844.84 Safari/537.36"
::ffff:127.0.0.1 - - [06/Apr/2022:03:36:22 +0000] "GET /images/broccoli-250g.jpeg HTTP/1.1" 404 2228 "http://localhost:3000/" "Mozilla/5.0 (Windows NT 10.0; Win64; x64) AppleWebKit/537.36 (KHTML, like Gecko) Chrome/99.0.4844.84 Safari/537.36"
::ffff:127.0.0.1 - - [06/Apr/2022:03:36:26 +0000] "GET /api/products/61d6c81af01ac04d56d52795 HTTP/1.1" 200 428 "http://localhost:3000/product/61d6c81af01ac04d56d52795" "Mozilla/5.0 (Windows NT 10.0; Win64; x64) AppleWebKit/537.36 (KHTML, like Gecko) Chrome/99.0.4844.84 Safari/537.36"
::ffff:127.0.0.1 - - [06/Apr/2022:03:36:39 +0000] "POST /api/products/61d6c81af01ac04d56d52795/reviews HTTP/1.1" 201 26 "http://localhost:3000/product/61d6c81af01ac04d56d52795" "Mozilla/5.0 (Windows NT 10.0; Win64; x64) AppleWebKit/537.36 (KHTML, like Gecko) Chrome/99.0.4844.84 Safari/537.36"
::ffff:127.0.0.1 - - [06/Apr/2022:03:40:45 +0000] "GET /api/products/61d6c81af01ac04d56d52795 HTTP/1.1" 200 622 "http://localhost:3000/product/61d6c81af01ac04d56d52795" "Mozilla/5.0 (Windows NT 10.0; Win64; x64) AppleWebKit/537.36 (KHTML, like Gecko) Chrome/99.0.4844.84 Safari/537.36"
::ffff:127.0.0.1 - - [06/Apr/2022:03:41:04 +0000] "GET /api/products?keyword= HTTP/1.1" 200 15955 "http://localhost:3000/" "Mozilla/5.0 (Windows NT 10.0; Win64; x64) AppleWebKit/537.36 (KHTML, like Gecko) Chrome/99.0.4844.84 Safari/537.36"
::ffff:127.0.0.1 - - [06/Apr/2022:03:41:05 +0000] "GET /images/broccoli-250g.jpeg HTTP/1.1" 404 2228 "http://localhost:3000/" "Mozilla/5.0 (Windows NT 10.0; Win64; x64) AppleWebKit/537.36 (KHTML, like Gecko) Chrome/99.0.4844.84 Safari/537.36"
::ffff:127.0.0.1 - - [06/Apr/2022:03:41:10 +0000] "GET /images/broccoli-250g.jpeg HTTP/1.1" 404 2228 "http://localhost:3000/" "Mozilla/5.0 (Windows NT 10.0; Win64; x64) AppleWebKit/537.36 (KHTML, like Gecko) Chrome/99.0.4844.84 Safari/537.36"
::ffff:127.0.0.1 - - [06/Apr/2022:03:41:10 +0000] "GET /api/products?keyword= HTTP/1.1" 304 - "http://localhost:3000/" "Mozilla/5.0 (Windows NT 10.0; Win64; x64) AppleWebKit/537.36 (KHTML, like Gecko) Chrome/99.0.4844.84 Safari/537.36"
::ffff:127.0.0.1 - - [06/Apr/2022:03:41:11 +0000] "GET /images/broccoli-250g.jpeg HTTP/1.1" 404 2228 "http://localhost:3000/" "Mozilla/5.0 (Windows NT 10.0; Win64; x64) AppleWebKit/537.36 (KHTML, like Gecko) Chrome/99.0.4844.84 Safari/537.36"
::ffff:127.0.0.1 - - [06/Apr/2022:03:41:12 +0000] "GET /api/products/61d6c81af01ac04d56d52797 HTTP/1.1" 200 440 "http://localhost:3000/product/61d6c81af01ac04d56d52797" "Mozilla/5.0 (Windows NT 10.0; Win64; x64) AppleWebKit/537.36 (KHTML, like Gecko) Chrome/99.0.4844.84 Safari/537.36"
::ffff:127.0.0.1 - - [06/Apr/2022:03:41:18 +0000] "GET /api/products/61d6c81af01ac04d56d52797 HTTP/1.1" 304 - "http://localhost:3000/cart/61d6c81af01ac04d56d52797?qty=8" "Mozilla/5.0 (Windows NT 10.0; Win64; x64) AppleWebKit/537.36 (KHTML, like Gecko) Chrome/99.0.4844.84 Safari/537.36"
::ffff:127.0.0.1 - - [06/Apr/2022:03:41:22 +0000] "GET /api/products/61d6c81af01ac04d56d52797 HTTP/1.1" 304 - "http://localhost:3000/cart/61d6c81af01ac04d56d52797?qty=8" "Mozilla/5.0 (Windows NT 10.0; Win64; x64) AppleWebKit/537.36 (KHTML, like Gecko) Chrome/99.0.4844.84 Safari/537.36"
::ffff:127.0.0.1 - - [06/Apr/2022:04:15:23 +0000] "GET /api/products?keyword= HTTP/1.1" 200 16290 "http://localhost:3000/" "Mozilla/5.0 (Windows NT 10.0; Win64; x64) AppleWebKit/537.36 (KHTML, like Gecko) Chrome/99.0.4844.84 Safari/537.36"
::ffff:127.0.0.1 - - [06/Apr/2022:04:15:24 +0000] "GET /images/broccoli-250g.jpeg HTTP/1.1" 404 2228 "http://localhost:3000/" "Mozilla/5.0 (Windows NT 10.0; Win64; x64) AppleWebKit/537.36 (KHTML, like Gecko) Chrome/99.0.4844.84 Safari/537.36"
::ffff:127.0.0.1 - - [06/Apr/2022:04:15:24 +0000] "GET /images/sample.jpg HTTP/1.1" 404 2212 "http://localhost:3000/" "Mozilla/5.0 (Windows NT 10.0; Win64; x64) AppleWebKit/537.36 (KHTML, like Gecko) Chrome/99.0.4844.84 Safari/537.36"
::ffff:127.0.0.1 - - [06/Apr/2022:04:19:13 +0000] "GET /api/products/61d6c81af01ac04d56d527a4 HTTP/1.1" 200 854 "http://localhost:3000/product/61d6c81af01ac04d56d527a4" "Mozilla/5.0 (Windows NT 10.0; Win64; x64) AppleWebKit/537.36 (KHTML, like Gecko) Chrome/99.0.4844.84 Safari/537.36"
::ffff:127.0.0.1 - - [06/Apr/2022:04:19:23 +0000] "POST /api/products/61d6c81af01ac04d56d527a4/reviews HTTP/1.1" 201 26 "http://localhost:3000/product/61d6c81af01ac04d56d527a4" "Mozilla/5.0 (Windows NT 10.0; Win64; x64) AppleWebKit/537.36 (KHTML, like Gecko) Chrome/99.0.4844.84 Safari/537.36"
::ffff:127.0.0.1 - - [06/Apr/2022:04:19:26 +0000] "GET /api/products/61d6c81af01ac04d56d527a4 HTTP/1.1" 200 1048 "http://localhost:3000/product/61d6c81af01ac04d56d527a4" "Mozilla/5.0 (Windows NT 10.0; Win64; x64) AppleWebKit/537.36 (KHTML, like Gecko) Chrome/99.0.4844.84 Safari/537.36"
::1 - - [06/Apr/2022:04:21:01 +0000] "GET /api/products/1 HTTP/1.1" 500 561 "-" "PostmanRuntime/7.29.0"
::ffff:127.0.0.1 - - [06/Apr/2022:04:30:41 +0000] "GET /api/products?keyword= HTTP/1.1" 200 16484 "http://localhost:3000/admin/productlist" "Mozilla/5.0 (Windows NT 10.0; Win64; x64) AppleWebKit/537.36 (KHTML, like Gecko) Chrome/99.0.4844.84 Safari/537.36"
::ffff:127.0.0.1 - - [06/Apr/2022:04:30:54 +0000] "GET /api/products/61d6c81af01ac04d56d52790 HTTP/1.1" 304 - "http://localhost:3000/admin/product/61d6c81af01ac04d56d52790/edit" "Mozilla/5.0 (Windows NT 10.0; Win64; x64) AppleWebKit/537.36 (KHTML, like Gecko) Chrome/99.0.4844.84 Safari/537.36"
::ffff:127.0.0.1 - - [06/Apr/2022:04:31:05 +0000] "PUT /api/products/61d6c81af01ac04d56d52790 HTTP/1.1" 200 1440 "http://localhost:3000/admin/product/61d6c81af01ac04d56d52790/edit" "Mozilla/5.0 (Windows NT 10.0; Win64; x64) AppleWebKit/537.36 (KHTML, like Gecko) Chrome/99.0.4844.84 Safari/537.36"
::ffff:127.0.0.1 - - [06/Apr/2022:04:31:05 +0000] "GET /api/products?keyword= HTTP/1.1" 200 16484 "http://localhost:3000/admin/productlist" "Mozilla/5.0 (Windows NT 10.0; Win64; x64) AppleWebKit/537.36 (KHTML, like Gecko) Chrome/99.0.4844.84 Safari/537.36"
::ffff:127.0.0.1 - - [06/Apr/2022:04:31:18 +0000] "DELETE /api/products/624d1138df91511a5c6f0548 HTTP/1.1" 200 29 "http://localhost:3000/admin/productlist" "Mozilla/5.0 (Windows NT 10.0; Win64; x64) AppleWebKit/537.36 (KHTML, like Gecko) Chrome/99.0.4844.84 Safari/537.36"
::ffff:127.0.0.1 - - [06/Apr/2022:04:31:18 +0000] "GET /api/products?keyword= HTTP/1.1" 200 16149 "http://localhost:3000/admin/productlist" "Mozilla/5.0 (Windows NT 10.0; Win64; x64) AppleWebKit/537.36 (KHTML, like Gecko) Chrome/99.0.4844.84 Safari/537.36"
::ffff:127.0.0.1 - - [06/Apr/2022:04:31:21 +0000] "POST /api/products HTTP/1.1" 201 334 "http://localhost:3000/admin/productlist" "Mozilla/5.0 (Windows NT 10.0; Win64; x64) AppleWebKit/537.36 (KHTML, like Gecko) Chrome/99.0.4844.84 Safari/537.36"
::ffff:127.0.0.1 - - [06/Apr/2022:04:31:22 +0000] "GET /api/products/624d1799a63ffa525cec7eed HTTP/1.1" 200 334 "http://localhost:3000/admin/product/624d1799a63ffa525cec7eed/edit" "Mozilla/5.0 (Windows NT 10.0; Win64; x64) AppleWebKit/537.36 (KHTML, like Gecko) Chrome/99.0.4844.84 Safari/537.36"
::ffff:127.0.0.1 - - [06/Apr/2022:04:31:33 +0000] "GET /api/products?keyword= HTTP/1.1" 200 16484 "http://localhost:3000/admin/productlist" "Mozilla/5.0 (Windows NT 10.0; Win64; x64) AppleWebKit/537.36 (KHTML, like Gecko) Chrome/99.0.4844.84 Safari/537.36"
::ffff:127.0.0.1 - - [06/Apr/2022:04:31:50 +0000] "GET /api/products/61d6c81af01ac04d56d52790 HTTP/1.1" 200 1440 "http://localhost:3000/admin/product/61d6c81af01ac04d56d52790/edit" "Mozilla/5.0 (Windows NT 10.0; Win64; x64) AppleWebKit/537.36 (KHTML, like Gecko) Chrome/99.0.4844.84 Safari/537.36"
::ffff:127.0.0.1 - - [06/Apr/2022:04:31:59 +0000] "GET /api/products?keyword= HTTP/1.1" 304 - "http://localhost:3000/admin/productlist" "Mozilla/5.0 (Windows NT 10.0; Win64; x64) AppleWebKit/537.36 (KHTML, like Gecko) Chrome/99.0.4844.84 Safari/537.36"
::ffff:127.0.0.1 - - [06/Apr/2022:04:32:03 +0000] "GET /api/users HTTP/1.1" 200 4404 "http://localhost:3000/admin/userlist" "Mozilla/5.0 (Windows NT 10.0; Win64; x64) AppleWebKit/537.36 (KHTML, like Gecko) Chrome/99.0.4844.84 Safari/537.36"
::ffff:127.0.0.1 - - [06/Apr/2022:04:32:08 +0000] "GET /api/users/61d6c819f01ac04d56d5278b HTTP/1.1" 200 183 "http://localhost:3000/admin/user/61d6c819f01ac04d56d5278b/edit" "Mozilla/5.0 (Windows NT 10.0; Win64; x64) AppleWebKit/537.36 (KHTML, like Gecko) Chrome/99.0.4844.84 Safari/537.36"
::ffff:127.0.0.1 - - [06/Apr/2022:04:32:13 +0000] "GET /api/users HTTP/1.1" 304 - "http://localhost:3000/admin/userlist" "Mozilla/5.0 (Windows NT 10.0; Win64; x64) AppleWebKit/537.36 (KHTML, like Gecko) Chrome/99.0.4844.84 Safari/537.36"
::ffff:127.0.0.1 - - [06/Apr/2022:08:05:43 +0000] "GET /api/products?keyword= HTTP/1.1" 200 16484 "http://localhost:3000/" "Mozilla/5.0 (Windows NT 10.0; Win64; x64) AppleWebKit/537.36 (KHTML, like Gecko) Chrome/99.0.4844.84 Safari/537.36"
::ffff:127.0.0.1 - - [06/Apr/2022:08:05:43 +0000] "GET /images/broccoli-250g.jpeg HTTP/1.1" 404 2228 "http://localhost:3000/" "Mozilla/5.0 (Windows NT 10.0; Win64; x64) AppleWebKit/537.36 (KHTML, like Gecko) Chrome/99.0.4844.84 Safari/537.36"
::ffff:127.0.0.1 - - [06/Apr/2022:08:05:43 +0000] "GET /images/sample.jpg HTTP/1.1" 404 2212 "http://localhost:3000/" "Mozilla/5.0 (Windows NT 10.0; Win64; x64) AppleWebKit/537.36 (KHTML, like Gecko) Chrome/99.0.4844.84 Safari/537.36"
::1 - - [06/Apr/2022:08:07:35 +0000] "GET /api-docs/ HTTP/1.1" 304 - "-" "Mozilla/5.0 (Windows NT 10.0; Win64; x64) AppleWebKit/537.36 (KHTML, like Gecko) Chrome/99.0.4844.84 Safari/537.36"
::1 - - [06/Apr/2022:08:07:35 +0000] "GET /api-docs/swagger-ui.css HTTP/1.1" 304 - "http://localhost:5000/api-docs/" "Mozilla/5.0 (Windows NT 10.0; Win64; x64) AppleWebKit/537.36 (KHTML, like Gecko) Chrome/99.0.4844.84 Safari/537.36"
::1 - - [06/Apr/2022:08:07:35 +0000] "GET /api-docs/swagger-ui-standalone-preset.js HTTP/1.1" 304 - "http://localhost:5000/api-docs/" "Mozilla/5.0 (Windows NT 10.0; Win64; x64) AppleWebKit/537.36 (KHTML, like Gecko) Chrome/99.0.4844.84 Safari/537.36"
::1 - - [06/Apr/2022:08:07:35 +0000] "GET /api-docs/swagger-ui-init.js HTTP/1.1" 200 11709 "http://localhost:5000/api-docs/" "Mozilla/5.0 (Windows NT 10.0; Win64; x64) AppleWebKit/537.36 (KHTML, like Gecko) Chrome/99.0.4844.84 Safari/537.36"
::1 - - [06/Apr/2022:08:07:35 +0000] "GET /api-docs/swagger-ui-bundle.js HTTP/1.1" 304 - "http://localhost:5000/api-docs/" "Mozilla/5.0 (Windows NT 10.0; Win64; x64) AppleWebKit/537.36 (KHTML, like Gecko) Chrome/99.0.4844.84 Safari/537.36"
::ffff:127.0.0.1 - - [06/Apr/2022:08:08:23 +0000] "GET /images/broccoli-250g.jpeg HTTP/1.1" 404 2228 "http://localhost:3000/" "Mozilla/5.0 (Windows NT 10.0; Win64; x64) AppleWebKit/537.36 (KHTML, like Gecko) Chrome/99.0.4844.84 Safari/537.36"
::ffff:127.0.0.1 - - [06/Apr/2022:08:08:23 +0000] "GET /images/sample.jpg HTTP/1.1" 404 2212 "http://localhost:3000/" "Mozilla/5.0 (Windows NT 10.0; Win64; x64) AppleWebKit/537.36 (KHTML, like Gecko) Chrome/99.0.4844.84 Safari/537.36"
::ffff:127.0.0.1 - - [06/Apr/2022:08:08:23 +0000] "GET /api/products?keyword= HTTP/1.1" 304 - "http://localhost:3000/" "Mozilla/5.0 (Windows NT 10.0; Win64; x64) AppleWebKit/537.36 (KHTML, like Gecko) Chrome/99.0.4844.84 Safari/537.36"
::ffff:127.0.0.1 - - [06/Apr/2022:08:08:23 +0000] "GET /images/broccoli-250g.jpeg HTTP/1.1" 404 2228 "http://localhost:3000/" "Mozilla/5.0 (Windows NT 10.0; Win64; x64) AppleWebKit/537.36 (KHTML, like Gecko) Chrome/99.0.4844.84 Safari/537.36"
::ffff:127.0.0.1 - - [06/Apr/2022:08:08:23 +0000] "GET /images/sample.jpg HTTP/1.1" 404 2212 "http://localhost:3000/" "Mozilla/5.0 (Windows NT 10.0; Win64; x64) AppleWebKit/537.36 (KHTML, like Gecko) Chrome/99.0.4844.84 Safari/537.36"
::ffff:127.0.0.1 - - [06/Apr/2022:08:08:29 +0000] "GET /images/broccoli-250g.jpeg HTTP/1.1" 404 2228 "http://localhost:3000/search/cauliflower" "Mozilla/5.0 (Windows NT 10.0; Win64; x64) AppleWebKit/537.36 (KHTML, like Gecko) Chrome/99.0.4844.84 Safari/537.36"
::ffff:127.0.0.1 - - [06/Apr/2022:08:08:29 +0000] "GET /images/sample.jpg HTTP/1.1" 404 2212 "http://localhost:3000/search/cauliflower" "Mozilla/5.0 (Windows NT 10.0; Win64; x64) AppleWebKit/537.36 (KHTML, like Gecko) Chrome/99.0.4844.84 Safari/537.36"
::ffff:127.0.0.1 - - [06/Apr/2022:08:08:29 +0000] "GET /api/products?keyword=cauliflower HTTP/1.1" 200 964 "http://localhost:3000/search/cauliflower" "Mozilla/5.0 (Windows NT 10.0; Win64; x64) AppleWebKit/537.36 (KHTML, like Gecko) Chrome/99.0.4844.84 Safari/537.36"
::1 - - [06/Apr/2022:08:09:19 +0000] "GET /api-docs/ HTTP/1.1" 304 - "-" "Mozilla/5.0 (Windows NT 10.0; Win64; x64) AppleWebKit/537.36 (KHTML, like Gecko) Chrome/99.0.4844.84 Safari/537.36"
::1 - - [06/Apr/2022:08:09:19 +0000] "GET /api-docs/swagger-ui.css HTTP/1.1" 304 - "http://localhost:5000/api-docs/" "Mozilla/5.0 (Windows NT 10.0; Win64; x64) AppleWebKit/537.36 (KHTML, like Gecko) Chrome/99.0.4844.84 Safari/537.36"
::1 - - [06/Apr/2022:08:09:19 +0000] "GET /api-docs/swagger-ui-bundle.js HTTP/1.1" 304 - "http://localhost:5000/api-docs/" "Mozilla/5.0 (Windows NT 10.0; Win64; x64) AppleWebKit/537.36 (KHTML, like Gecko) Chrome/99.0.4844.84 Safari/537.36"
::1 - - [06/Apr/2022:08:09:19 +0000] "GET /api-docs/swagger-ui-init.js HTTP/1.1" 304 - "http://localhost:5000/api-docs/" "Mozilla/5.0 (Windows NT 10.0; Win64; x64) AppleWebKit/537.36 (KHTML, like Gecko) Chrome/99.0.4844.84 Safari/537.36"
::1 - - [06/Apr/2022:08:09:19 +0000] "GET /api-docs/swagger-ui-standalone-preset.js HTTP/1.1" 304 - "http://localhost:5000/api-docs/" "Mozilla/5.0 (Windows NT 10.0; Win64; x64) AppleWebKit/537.36 (KHTML, like Gecko) Chrome/99.0.4844.84 Safari/537.36"
::1 - - [06/Apr/2022:08:09:19 +0000] "GET /api-docs/favicon-32x32.png HTTP/1.1" 304 - "http://localhost:5000/api-docs/" "Mozilla/5.0 (Windows NT 10.0; Win64; x64) AppleWebKit/537.36 (KHTML, like Gecko) Chrome/99.0.4844.84 Safari/537.36"
::ffff:127.0.0.1 - - [06/Apr/2022:08:10:03 +0000] "GET /api/products?keyword=cauliflower HTTP/1.1" 304 - "http://localhost:3000/search/cauliflower" "Mozilla/5.0 (Windows NT 10.0; Win64; x64) AppleWebKit/537.36 (KHTML, like Gecko) Chrome/99.0.4844.84 Safari/537.36"
::ffff:127.0.0.1 - - [06/Apr/2022:08:10:06 +0000] "GET /api/products?keyword= HTTP/1.1" 304 - "http://localhost:3000/" "Mozilla/5.0 (Windows NT 10.0; Win64; x64) AppleWebKit/537.36 (KHTML, like Gecko) Chrome/99.0.4844.84 Safari/537.36"
::ffff:127.0.0.1 - - [06/Apr/2022:08:10:06 +0000] "GET /images/broccoli-250g.jpeg HTTP/1.1" 404 2228 "http://localhost:3000/" "Mozilla/5.0 (Windows NT 10.0; Win64; x64) AppleWebKit/537.36 (KHTML, like Gecko) Chrome/99.0.4844.84 Safari/537.36"
::ffff:127.0.0.1 - - [06/Apr/2022:08:10:06 +0000] "GET /images/sample.jpg HTTP/1.1" 404 2212 "http://localhost:3000/" "Mozilla/5.0 (Windows NT 10.0; Win64; x64) AppleWebKit/537.36 (KHTML, like Gecko) Chrome/99.0.4844.84 Safari/537.36"
::ffff:127.0.0.1 - - [06/Apr/2022:08:22:36 +0000] "GET /api/products?keyword= HTTP/1.1" 304 - "http://localhost:3000/admin/productlist" "Mozilla/5.0 (Windows NT 10.0; Win64; x64) AppleWebKit/537.36 (KHTML, like Gecko) Chrome/99.0.4844.84 Safari/537.36"
::ffff:127.0.0.1 - - [06/Apr/2022:08:22:40 +0000] "POST /api/products HTTP/1.1" 201 334 "http://localhost:3000/admin/productlist" "Mozilla/5.0 (Windows NT 10.0; Win64; x64) AppleWebKit/537.36 (KHTML, like Gecko) Chrome/99.0.4844.84 Safari/537.36"
::ffff:127.0.0.1 - - [06/Apr/2022:08:22:40 +0000] "GET /api/products/624d4dcf1555464bd4ecc4c5 HTTP/1.1" 200 334 "http://localhost:3000/admin/product/624d4dcf1555464bd4ecc4c5/edit" "Mozilla/5.0 (Windows NT 10.0; Win64; x64) AppleWebKit/537.36 (KHTML, like Gecko) Chrome/99.0.4844.84 Safari/537.36"
::ffff:127.0.0.1 - - [06/Apr/2022:08:22:57 +0000] "POST /api/upload HTTP/1.1" 404 2198 "http://localhost:3000/admin/product/624d4dcf1555464bd4ecc4c5/edit" "Mozilla/5.0 (Windows NT 10.0; Win64; x64) AppleWebKit/537.36 (KHTML, like Gecko) Chrome/99.0.4844.84 Safari/537.36"
::ffff:127.0.0.1 - - [06/Apr/2022:08:23:22 +0000] "PUT /api/products/624d4dcf1555464bd4ecc4c5 HTTP/1.1" 200 327 "http://localhost:3000/admin/product/624d4dcf1555464bd4ecc4c5/edit" "Mozilla/5.0 (Windows NT 10.0; Win64; x64) AppleWebKit/537.36 (KHTML, like Gecko) Chrome/99.0.4844.84 Safari/537.36"
::ffff:127.0.0.1 - - [06/Apr/2022:08:23:23 +0000] "GET /api/products?keyword= HTTP/1.1" 200 17147 "http://localhost:3000/admin/productlist" "Mozilla/5.0 (Windows NT 10.0; Win64; x64) AppleWebKit/537.36 (KHTML, like Gecko) Chrome/99.0.4844.84 Safari/537.36"
::ffff:127.0.0.1 - - [06/Apr/2022:08:23:27 +0000] "GET /images/broccoli-250g.jpeg HTTP/1.1" 404 2228 "http://localhost:3000/" "Mozilla/5.0 (Windows NT 10.0; Win64; x64) AppleWebKit/537.36 (KHTML, like Gecko) Chrome/99.0.4844.84 Safari/537.36"
::ffff:127.0.0.1 - - [06/Apr/2022:08:23:27 +0000] "GET /images/sample.jpg HTTP/1.1" 404 2212 "http://localhost:3000/" "Mozilla/5.0 (Windows NT 10.0; Win64; x64) AppleWebKit/537.36 (KHTML, like Gecko) Chrome/99.0.4844.84 Safari/537.36"
::ffff:127.0.0.1 - - [06/Apr/2022:08:23:27 +0000] "GET /api/products?keyword= HTTP/1.1" 304 - "http://localhost:3000/" "Mozilla/5.0 (Windows NT 10.0; Win64; x64) AppleWebKit/537.36 (KHTML, like Gecko) Chrome/99.0.4844.84 Safari/537.36"
::ffff:127.0.0.1 - - [06/Apr/2022:08:23:27 +0000] "GET /images/broccoli-250g.jpeg HTTP/1.1" 404 2228 "http://localhost:3000/" "Mozilla/5.0 (Windows NT 10.0; Win64; x64) AppleWebKit/537.36 (KHTML, like Gecko) Chrome/99.0.4844.84 Safari/537.36"
::ffff:127.0.0.1 - - [06/Apr/2022:08:23:28 +0000] "GET /images/sample.jpg HTTP/1.1" 404 2212 "http://localhost:3000/" "Mozilla/5.0 (Windows NT 10.0; Win64; x64) AppleWebKit/537.36 (KHTML, like Gecko) Chrome/99.0.4844.84 Safari/537.36"
::ffff:127.0.0.1 - - [06/Apr/2022:08:24:29 +0000] "GET /api/products?keyword= HTTP/1.1" 304 - "http://localhost:3000/admin/productlist" "Mozilla/5.0 (Windows NT 10.0; Win64; x64) AppleWebKit/537.36 (KHTML, like Gecko) Chrome/99.0.4844.84 Safari/537.36"
::ffff:127.0.0.1 - - [06/Apr/2022:08:24:47 +0000] "POST /api/upload HTTP/1.1" 404 2198 "http://localhost:3000/admin/product/624d4dcf1555464bd4ecc4c5/edit" "Mozilla/5.0 (Windows NT 10.0; Win64; x64) AppleWebKit/537.36 (KHTML, like Gecko) Chrome/99.0.4844.84 Safari/537.36"
::ffff:127.0.0.1 - - [06/Apr/2022:08:24:50 +0000] "PUT /api/products/624d4dcf1555464bd4ecc4c5 HTTP/1.1" 200 327 "http://localhost:3000/admin/product/624d4dcf1555464bd4ecc4c5/edit" "Mozilla/5.0 (Windows NT 10.0; Win64; x64) AppleWebKit/537.36 (KHTML, like Gecko) Chrome/99.0.4844.84 Safari/537.36"
::ffff:127.0.0.1 - - [06/Apr/2022:08:24:50 +0000] "GET /api/products?keyword= HTTP/1.1" 200 17482 "http://localhost:3000/admin/productlist" "Mozilla/5.0 (Windows NT 10.0; Win64; x64) AppleWebKit/537.36 (KHTML, like Gecko) Chrome/99.0.4844.84 Safari/537.36"
::ffff:127.0.0.1 - - [06/Apr/2022:08:24:51 +0000] "GET /images/broccoli-250g.jpeg HTTP/1.1" 404 2228 "http://localhost:3000/" "Mozilla/5.0 (Windows NT 10.0; Win64; x64) AppleWebKit/537.36 (KHTML, like Gecko) Chrome/99.0.4844.84 Safari/537.36"
::ffff:127.0.0.1 - - [06/Apr/2022:08:24:51 +0000] "GET /images/sample.jpg HTTP/1.1" 404 2212 "http://localhost:3000/" "Mozilla/5.0 (Windows NT 10.0; Win64; x64) AppleWebKit/537.36 (KHTML, like Gecko) Chrome/99.0.4844.84 Safari/537.36"
::ffff:127.0.0.1 - - [06/Apr/2022:08:24:52 +0000] "GET /api/products?keyword= HTTP/1.1" 304 - "http://localhost:3000/" "Mozilla/5.0 (Windows NT 10.0; Win64; x64) AppleWebKit/537.36 (KHTML, like Gecko) Chrome/99.0.4844.84 Safari/537.36"
::ffff:127.0.0.1 - - [06/Apr/2022:08:24:52 +0000] "GET /images/broccoli-250g.jpeg HTTP/1.1" 404 2228 "http://localhost:3000/" "Mozilla/5.0 (Windows NT 10.0; Win64; x64) AppleWebKit/537.36 (KHTML, like Gecko) Chrome/99.0.4844.84 Safari/537.36"
::ffff:127.0.0.1 - - [06/Apr/2022:08:24:52 +0000] "GET /images/sample.jpg HTTP/1.1" 404 2212 "http://localhost:3000/" "Mozilla/5.0 (Windows NT 10.0; Win64; x64) AppleWebKit/537.36 (KHTML, like Gecko) Chrome/99.0.4844.84 Safari/537.36"
::ffff:127.0.0.1 - - [06/Apr/2022:08:24:57 +0000] "GET /images/sample.jpg HTTP/1.1" 404 2212 "http://localhost:3000/product/624d4dcf1555464bd4ecc4c5" "Mozilla/5.0 (Windows NT 10.0; Win64; x64) AppleWebKit/537.36 (KHTML, like Gecko) Chrome/99.0.4844.84 Safari/537.36"
::ffff:127.0.0.1 - - [06/Apr/2022:08:24:59 +0000] "GET /images/broccoli-250g.jpeg HTTP/1.1" 404 2228 "http://localhost:3000/" "Mozilla/5.0 (Windows NT 10.0; Win64; x64) AppleWebKit/537.36 (KHTML, like Gecko) Chrome/99.0.4844.84 Safari/537.36"
::ffff:127.0.0.1 - - [06/Apr/2022:08:24:59 +0000] "GET /images/sample.jpg HTTP/1.1" 404 2212 "http://localhost:3000/" "Mozilla/5.0 (Windows NT 10.0; Win64; x64) AppleWebKit/537.36 (KHTML, like Gecko) Chrome/99.0.4844.84 Safari/537.36"
::ffff:127.0.0.1 - - [06/Apr/2022:08:25:00 +0000] "GET /api/products?keyword= HTTP/1.1" 304 - "http://localhost:3000/" "Mozilla/5.0 (Windows NT 10.0; Win64; x64) AppleWebKit/537.36 (KHTML, like Gecko) Chrome/99.0.4844.84 Safari/537.36"
::ffff:127.0.0.1 - - [06/Apr/2022:08:25:00 +0000] "GET /images/broccoli-250g.jpeg HTTP/1.1" 404 2228 "http://localhost:3000/" "Mozilla/5.0 (Windows NT 10.0; Win64; x64) AppleWebKit/537.36 (KHTML, like Gecko) Chrome/99.0.4844.84 Safari/537.36"
::ffff:127.0.0.1 - - [06/Apr/2022:08:25:00 +0000] "GET /images/sample.jpg HTTP/1.1" 404 2212 "http://localhost:3000/" "Mozilla/5.0 (Windows NT 10.0; Win64; x64) AppleWebKit/537.36 (KHTML, like Gecko) Chrome/99.0.4844.84 Safari/537.36"
::ffff:127.0.0.1 - - [06/Apr/2022:08:26:03 +0000] "GET /api/products?keyword= HTTP/1.1" 304 - "http://localhost:3000/admin/productlist" "Mozilla/5.0 (Windows NT 10.0; Win64; x64) AppleWebKit/537.36 (KHTML, like Gecko) Chrome/99.0.4844.84 Safari/537.36"
::ffff:127.0.0.1 - - [06/Apr/2022:08:26:18 +0000] "POST /api/upload HTTP/1.1" 404 2198 "http://localhost:3000/admin/product/624d4dcf1555464bd4ecc4c5/edit" "Mozilla/5.0 (Windows NT 10.0; Win64; x64) AppleWebKit/537.36 (KHTML, like Gecko) Chrome/99.0.4844.84 Safari/537.36"
::ffff:127.0.0.1 - - [06/Apr/2022:08:26:21 +0000] "PUT /api/products/624d4dcf1555464bd4ecc4c5 HTTP/1.1" 200 327 "http://localhost:3000/admin/product/624d4dcf1555464bd4ecc4c5/edit" "Mozilla/5.0 (Windows NT 10.0; Win64; x64) AppleWebKit/537.36 (KHTML, like Gecko) Chrome/99.0.4844.84 Safari/537.36"
::ffff:127.0.0.1 - - [06/Apr/2022:08:26:21 +0000] "GET /api/products?keyword= HTTP/1.1" 200 17147 "http://localhost:3000/admin/productlist" "Mozilla/5.0 (Windows NT 10.0; Win64; x64) AppleWebKit/537.36 (KHTML, like Gecko) Chrome/99.0.4844.84 Safari/537.36"
::ffff:127.0.0.1 - - [06/Apr/2022:08:26:23 +0000] "GET /images/broccoli-250g.jpeg HTTP/1.1" 404 2228 "http://localhost:3000/" "Mozilla/5.0 (Windows NT 10.0; Win64; x64) AppleWebKit/537.36 (KHTML, like Gecko) Chrome/99.0.4844.84 Safari/537.36"
::ffff:127.0.0.1 - - [06/Apr/2022:08:26:23 +0000] "GET /images/sample.jpg HTTP/1.1" 404 2212 "http://localhost:3000/" "Mozilla/5.0 (Windows NT 10.0; Win64; x64) AppleWebKit/537.36 (KHTML, like Gecko) Chrome/99.0.4844.84 Safari/537.36"
::ffff:127.0.0.1 - - [06/Apr/2022:08:26:23 +0000] "GET /api/products?keyword= HTTP/1.1" 304 - "http://localhost:3000/" "Mozilla/5.0 (Windows NT 10.0; Win64; x64) AppleWebKit/537.36 (KHTML, like Gecko) Chrome/99.0.4844.84 Safari/537.36"
::ffff:127.0.0.1 - - [06/Apr/2022:08:26:23 +0000] "GET /images/broccoli-250g.jpeg HTTP/1.1" 404 2228 "http://localhost:3000/" "Mozilla/5.0 (Windows NT 10.0; Win64; x64) AppleWebKit/537.36 (KHTML, like Gecko) Chrome/99.0.4844.84 Safari/537.36"
::ffff:127.0.0.1 - - [06/Apr/2022:08:26:23 +0000] "GET /images/sample.jpg HTTP/1.1" 404 2212 "http://localhost:3000/" "Mozilla/5.0 (Windows NT 10.0; Win64; x64) AppleWebKit/537.36 (KHTML, like Gecko) Chrome/99.0.4844.84 Safari/537.36"
::ffff:127.0.0.1 - - [06/Apr/2022:08:26:46 +0000] "GET /api/products?keyword= HTTP/1.1" 200 16477 "http://localhost:3000/" "Mozilla/5.0 (Windows NT 10.0; Win64; x64) AppleWebKit/537.36 (KHTML, like Gecko) Chrome/99.0.4844.84 Safari/537.36"
::ffff:127.0.0.1 - - [06/Apr/2022:08:26:46 +0000] "GET /images/broccoli-250g.jpeg HTTP/1.1" 404 2228 "http://localhost:3000/" "Mozilla/5.0 (Windows NT 10.0; Win64; x64) AppleWebKit/537.36 (KHTML, like Gecko) Chrome/99.0.4844.84 Safari/537.36"
::ffff:127.0.0.1 - - [06/Apr/2022:08:26:46 +0000] "GET /images/sample.jpg HTTP/1.1" 404 2212 "http://localhost:3000/" "Mozilla/5.0 (Windows NT 10.0; Win64; x64) AppleWebKit/537.36 (KHTML, like Gecko) Chrome/99.0.4844.84 Safari/537.36"
::ffff:127.0.0.1 - - [06/Apr/2022:08:27:35 +0000] "GET /api/products?keyword= HTTP/1.1" 304 - "http://localhost:3000/admin/productlist" "Mozilla/5.0 (Windows NT 10.0; Win64; x64) AppleWebKit/537.36 (KHTML, like Gecko) Chrome/99.0.4844.84 Safari/537.36"
::ffff:127.0.0.1 - - [06/Apr/2022:08:27:39 +0000] "GET /api/products/624d4dcf1555464bd4ecc4c5 HTTP/1.1" 200 327 "http://localhost:3000/admin/product/624d4dcf1555464bd4ecc4c5/edit" "Mozilla/5.0 (Windows NT 10.0; Win64; x64) AppleWebKit/537.36 (KHTML, like Gecko) Chrome/99.0.4844.84 Safari/537.36"
::ffff:127.0.0.1 - - [06/Apr/2022:08:27:46 +0000] "PUT /api/products/624d4dcf1555464bd4ecc4c5 HTTP/1.1" 200 327 "http://localhost:3000/admin/product/624d4dcf1555464bd4ecc4c5/edit" "Mozilla/5.0 (Windows NT 10.0; Win64; x64) AppleWebKit/537.36 (KHTML, like Gecko) Chrome/99.0.4844.84 Safari/537.36"
::ffff:127.0.0.1 - - [06/Apr/2022:08:27:47 +0000] "GET /api/products?keyword= HTTP/1.1" 200 16477 "http://localhost:3000/admin/productlist" "Mozilla/5.0 (Windows NT 10.0; Win64; x64) AppleWebKit/537.36 (KHTML, like Gecko) Chrome/99.0.4844.84 Safari/537.36"
::ffff:127.0.0.1 - - [06/Apr/2022:08:29:45 +0000] "POST /api/upload HTTP/1.1" 404 2198 "http://localhost:3000/admin/product/624d4dcf1555464bd4ecc4c5/edit" "Mozilla/5.0 (Windows NT 10.0; Win64; x64) AppleWebKit/537.36 (KHTML, like Gecko) Chrome/99.0.4844.84 Safari/537.36"
::ffff:127.0.0.1 - - [06/Apr/2022:08:29:47 +0000] "PUT /api/products/624d4dcf1555464bd4ecc4c5 HTTP/1.1" 404 255 "http://localhost:3000/admin/product/624d4dcf1555464bd4ecc4c5/edit" "Mozilla/5.0 (Windows NT 10.0; Win64; x64) AppleWebKit/537.36 (KHTML, like Gecko) Chrome/99.0.4844.84 Safari/537.36"
::ffff:127.0.0.1 - - [06/Apr/2022:08:30:46 +0000] "PUT /api/products/624d4dcf1555464bd4ecc4c5 HTTP/1.1" 404 255 "http://localhost:3000/admin/product/624d4dcf1555464bd4ecc4c5/edit" "Mozilla/5.0 (Windows NT 10.0; Win64; x64) AppleWebKit/537.36 (KHTML, like Gecko) Chrome/99.0.4844.84 Safari/537.36"
::ffff:127.0.0.1 - - [06/Apr/2022:08:32:03 +0000] "GET /api/products?keyword= HTTP/1.1" 200 16794 "http://localhost:3000/admin/productlist" "Mozilla/5.0 (Windows NT 10.0; Win64; x64) AppleWebKit/537.36 (KHTML, like Gecko) Chrome/99.0.4844.84 Safari/537.36"
::ffff:127.0.0.1 - - [06/Apr/2022:08:32:11 +0000] "DELETE /api/products/61dd0e02937f4537ec3bebc8 HTTP/1.1" 200 29 "http://localhost:3000/admin/productlist" "Mozilla/5.0 (Windows NT 10.0; Win64; x64) AppleWebKit/537.36 (KHTML, like Gecko) Chrome/99.0.4844.84 Safari/537.36"
::ffff:127.0.0.1 - - [06/Apr/2022:08:32:11 +0000] "GET /api/products?keyword= HTTP/1.1" 200 16436 "http://localhost:3000/admin/productlist" "Mozilla/5.0 (Windows NT 10.0; Win64; x64) AppleWebKit/537.36 (KHTML, like Gecko) Chrome/99.0.4844.84 Safari/537.36"
::ffff:127.0.0.1 - - [06/Apr/2022:08:32:17 +0000] "GET /api/products/61d6c81af01ac04d56d52795 HTTP/1.1" 304 - "http://localhost:3000/admin/product/61d6c81af01ac04d56d52795/edit" "Mozilla/5.0 (Windows NT 10.0; Win64; x64) AppleWebKit/537.36 (KHTML, like Gecko) Chrome/99.0.4844.84 Safari/537.36"
::ffff:127.0.0.1 - - [06/Apr/2022:08:32:25 +0000] "GET /api/products?keyword= HTTP/1.1" 304 - "http://localhost:3000/admin/productlist" "Mozilla/5.0 (Windows NT 10.0; Win64; x64) AppleWebKit/537.36 (KHTML, like Gecko) Chrome/99.0.4844.84 Safari/537.36"
::ffff:127.0.0.1 - - [06/Apr/2022:08:33:01 +0000] "GET /api/products/61d6c81af01ac04d56d5279f HTTP/1.1" 304 - "http://localhost:3000/admin/product/61d6c81af01ac04d56d5279f/edit" "Mozilla/5.0 (Windows NT 10.0; Win64; x64) AppleWebKit/537.36 (KHTML, like Gecko) Chrome/99.0.4844.84 Safari/537.36"
::ffff:127.0.0.1 - - [06/Apr/2022:08:33:08 +0000] "GET /api/products?keyword= HTTP/1.1" 304 - "http://localhost:3000/admin/productlist" "Mozilla/5.0 (Windows NT 10.0; Win64; x64) AppleWebKit/537.36 (KHTML, like Gecko) Chrome/99.0.4844.84 Safari/537.36"
::ffff:127.0.0.1 - - [06/Apr/2022:08:33:15 +0000] "GET /api/products?keyword= HTTP/1.1" 304 - "http://localhost:3000/admin/productlist" "Mozilla/5.0 (Windows NT 10.0; Win64; x64) AppleWebKit/537.36 (KHTML, like Gecko) Chrome/99.0.4844.84 Safari/537.36"
::ffff:127.0.0.1 - - [06/Apr/2022:08:33:16 +0000] "DELETE /api/products/624d4f98b9953b2a0055e9cf HTTP/1.1" 200 29 "http://localhost:3000/admin/productlist" "Mozilla/5.0 (Windows NT 10.0; Win64; x64) AppleWebKit/537.36 (KHTML, like Gecko) Chrome/99.0.4844.84 Safari/537.36"
::ffff:127.0.0.1 - - [06/Apr/2022:08:33:16 +0000] "GET /api/products?keyword= HTTP/1.1" 200 16112 "http://localhost:3000/admin/productlist" "Mozilla/5.0 (Windows NT 10.0; Win64; x64) AppleWebKit/537.36 (KHTML, like Gecko) Chrome/99.0.4844.84 Safari/537.36"
::ffff:127.0.0.1 - - [06/Apr/2022:08:33:19 +0000] "GET /api/products/624d4f0bb9953b2a0055e9c4 HTTP/1.1" 200 320 "http://localhost:3000/admin/product/624d4f0bb9953b2a0055e9c4/edit" "Mozilla/5.0 (Windows NT 10.0; Win64; x64) AppleWebKit/537.36 (KHTML, like Gecko) Chrome/99.0.4844.84 Safari/537.36"
::ffff:127.0.0.1 - - [06/Apr/2022:08:33:34 +0000] "PUT /api/products/624d4f0bb9953b2a0055e9c4 HTTP/1.1" 200 320 "http://localhost:3000/admin/product/624d4f0bb9953b2a0055e9c4/edit" "Mozilla/5.0 (Windows NT 10.0; Win64; x64) AppleWebKit/537.36 (KHTML, like Gecko) Chrome/99.0.4844.84 Safari/537.36"
::ffff:127.0.0.1 - - [06/Apr/2022:08:33:35 +0000] "GET /api/products?keyword= HTTP/1.1" 200 16112 "http://localhost:3000/admin/productlist" "Mozilla/5.0 (Windows NT 10.0; Win64; x64) AppleWebKit/537.36 (KHTML, like Gecko) Chrome/99.0.4844.84 Safari/537.36"
::ffff:127.0.0.1 - - [06/Apr/2022:08:33:38 +0000] "GET /api/products?keyword= HTTP/1.1" 304 - "http://localhost:3000/" "Mozilla/5.0 (Windows NT 10.0; Win64; x64) AppleWebKit/537.36 (KHTML, like Gecko) Chrome/99.0.4844.84 Safari/537.36"
::ffff:127.0.0.1 - - [06/Apr/2022:08:34:02 +0000] "GET /api/products?keyword= HTTP/1.1" 304 - "http://localhost:3000/" "Mozilla/5.0 (Windows NT 10.0; Win64; x64) AppleWebKit/537.36 (KHTML, like Gecko) Chrome/99.0.4844.84 Safari/537.36"
::ffff:127.0.0.1 - - [06/Apr/2022:08:34:18 +0000] "GET /api/products/61d6c81af01ac04d56d52795 HTTP/1.1" 304 - "http://localhost:3000/product/61d6c81af01ac04d56d52795" "Mozilla/5.0 (Windows NT 10.0; Win64; x64) AppleWebKit/537.36 (KHTML, like Gecko) Chrome/99.0.4844.84 Safari/537.36"
::ffff:127.0.0.1 - - [06/Apr/2022:08:35:20 +0000] "GET /api/products?keyword= HTTP/1.1" 304 - "http://localhost:3000/" "Mozilla/5.0 (Windows NT 10.0; Win64; x64) AppleWebKit/537.36 (KHTML, like Gecko) Chrome/99.0.4844.84 Safari/537.36"
::ffff:127.0.0.1 - - [06/Apr/2022:08:46:49 +0000] "GET /api/products/61d6c81af01ac04d56d5278f HTTP/1.1" 200 908 "http://localhost:3000/product/61d6c81af01ac04d56d5278f" "Mozilla/5.0 (Windows NT 10.0; Win64; x64) AppleWebKit/537.36 (KHTML, like Gecko) Chrome/99.0.4844.84 Safari/537.36"
::ffff:127.0.0.1 - - [06/Apr/2022:08:48:30 +0000] "GET /api/products?keyword= HTTP/1.1" 304 - "http://localhost:3000/admin/productlist" "Mozilla/5.0 (Windows NT 10.0; Win64; x64) AppleWebKit/537.36 (KHTML, like Gecko) Chrome/99.0.4844.84 Safari/537.36"
::ffff:127.0.0.1 - - [06/Apr/2022:08:48:34 +0000] "GET /api/products/624d4f0bb9953b2a0055e9c4 HTTP/1.1" 200 320 "http://localhost:3000/admin/product/624d4f0bb9953b2a0055e9c4/edit" "Mozilla/5.0 (Windows NT 10.0; Win64; x64) AppleWebKit/537.36 (KHTML, like Gecko) Chrome/99.0.4844.84 Safari/537.36"
::ffff:127.0.0.1 - - [06/Apr/2022:08:52:43 +0000] "GET /api/products/624d4f0bb9953b2a0055e9c4 HTTP/1.1" 304 - "http://localhost:3000/admin/product/624d4f0bb9953b2a0055e9c4/edit" "Mozilla/5.0 (Windows NT 10.0; Win64; x64) AppleWebKit/537.36 (KHTML, like Gecko) Chrome/99.0.4844.84 Safari/537.36"
::ffff:127.0.0.1 - - [06/Apr/2022:08:57:58 +0000] "GET /api/products?keyword= HTTP/1.1" 200 16456 "http://localhost:3000/" "Mozilla/5.0 (Windows NT 10.0; Win64; x64) AppleWebKit/537.36 (KHTML, like Gecko) Chrome/99.0.4844.84 Safari/537.36"
::ffff:127.0.0.1 - - [06/Apr/2022:08:57:59 +0000] "GET /images/Brinjal-250g.jpg HTTP/1.1" 404 2224 "http://localhost:3000/" "Mozilla/5.0 (Windows NT 10.0; Win64; x64) AppleWebKit/537.36 (KHTML, like Gecko) Chrome/99.0.4844.84 Safari/537.36"
::ffff:127.0.0.1 - - [06/Apr/2022:08:58:10 +0000] "GET /api/users/profile HTTP/1.1" 304 - "http://localhost:3000/profile" "Mozilla/5.0 (Windows NT 10.0; Win64; x64) AppleWebKit/537.36 (KHTML, like Gecko) Chrome/99.0.4844.84 Safari/537.36"
::ffff:127.0.0.1 - - [06/Apr/2022:08:58:10 +0000] "GET /api/orders/myorders HTTP/1.1" 200 1248 "http://localhost:3000/profile" "Mozilla/5.0 (Windows NT 10.0; Win64; x64) AppleWebKit/537.36 (KHTML, like Gecko) Chrome/99.0.4844.84 Safari/537.36"
::ffff:127.0.0.1 - - [06/Apr/2022:08:58:14 +0000] "GET /api/users HTTP/1.1" 200 4659 "http://localhost:3000/admin/userlist" "Mozilla/5.0 (Windows NT 10.0; Win64; x64) AppleWebKit/537.36 (KHTML, like Gecko) Chrome/99.0.4844.84 Safari/537.36"
::ffff:127.0.0.1 - - [06/Apr/2022:08:58:27 +0000] "GET /api/products?keyword= HTTP/1.1" 304 - "http://localhost:3000/admin/productlist" "Mozilla/5.0 (Windows NT 10.0; Win64; x64) AppleWebKit/537.36 (KHTML, like Gecko) Chrome/99.0.4844.84 Safari/537.36"
::ffff:127.0.0.1 - - [06/Apr/2022:08:58:31 +0000] "DELETE /api/products/624d53f6b9953b2a0055ea0a HTTP/1.1" 200 29 "http://localhost:3000/admin/productlist" "Mozilla/5.0 (Windows NT 10.0; Win64; x64) AppleWebKit/537.36 (KHTML, like Gecko) Chrome/99.0.4844.84 Safari/537.36"
::ffff:127.0.0.1 - - [06/Apr/2022:08:58:32 +0000] "GET /api/products?keyword= HTTP/1.1" 200 16112 "http://localhost:3000/admin/productlist" "Mozilla/5.0 (Windows NT 10.0; Win64; x64) AppleWebKit/537.36 (KHTML, like Gecko) Chrome/99.0.4844.84 Safari/537.36"
::1 - - [06/Apr/2022:09:17:08 +0000] "GET /api/products HTTP/1.1" 200 16447 "http://localhost:5000/api-docs/" "Mozilla/5.0 (Windows NT 10.0; Win64; x64) AppleWebKit/537.36 (KHTML, like Gecko) Chrome/99.0.4844.84 Safari/537.36"
::ffff:127.0.0.1 - - [06/Apr/2022:09:17:28 +0000] "GET /api/products?keyword= HTTP/1.1" 200 16447 "http://localhost:3000/" "Mozilla/5.0 (Windows NT 10.0; Win64; x64) AppleWebKit/537.36 (KHTML, like Gecko) Chrome/99.0.4844.84 Safari/537.36"
::ffff:127.0.0.1 - - [06/Apr/2022:09:17:28 +0000] "GET /images/sample.jpg HTTP/1.1" 404 2212 "http://localhost:3000/" "Mozilla/5.0 (Windows NT 10.0; Win64; x64) AppleWebKit/537.36 (KHTML, like Gecko) Chrome/99.0.4844.84 Safari/537.36"
::ffff:127.0.0.1 - - [06/Apr/2022:09:17:30 +0000] "GET /api/products/61d6c81af01ac04d56d52796 HTTP/1.1" 304 - "http://localhost:3000/product/61d6c81af01ac04d56d52796" "Mozilla/5.0 (Windows NT 10.0; Win64; x64) AppleWebKit/537.36 (KHTML, like Gecko) Chrome/99.0.4844.84 Safari/537.36"
::1 - - [06/Apr/2022:09:17:40 +0000] "GET /api/products/61d6c81af01ac04d56d52796 HTTP/1.1" 304 - "http://localhost:5000/api-docs/" "Mozilla/5.0 (Windows NT 10.0; Win64; x64) AppleWebKit/537.36 (KHTML, like Gecko) Chrome/99.0.4844.84 Safari/537.36"
::1 - - [06/Apr/2022:09:18:13 +0000] "POST /api/products/61d6c81af01ac04d56d52796/reviews HTTP/1.1" 201 26 "http://localhost:5000/api-docs/" "Mozilla/5.0 (Windows NT 10.0; Win64; x64) AppleWebKit/537.36 (KHTML, like Gecko) Chrome/99.0.4844.84 Safari/537.36"
::ffff:127.0.0.1 - - [06/Apr/2022:09:18:27 +0000] "GET /api/products/61d6c81af01ac04d56d52796 HTTP/1.1" 200 518 "http://localhost:3000/cart/61d6c81af01ac04d56d52796?qty=1" "Mozilla/5.0 (Windows NT 10.0; Win64; x64) AppleWebKit/537.36 (KHTML, like Gecko) Chrome/99.0.4844.84 Safari/537.36"
::ffff:127.0.0.1 - - [26/Apr/2022:11:20:51 +0000] "GET /api/products?keyword= HTTP/1.1" 304 - "http://localhost:3000/" "Mozilla/5.0 (Windows NT 10.0; Win64; x64) AppleWebKit/537.36 (KHTML, like Gecko) Chrome/100.0.4896.127 Safari/537.36"
::ffff:127.0.0.1 - - [26/Apr/2022:11:20:51 +0000] "GET /images/sample.jpg HTTP/1.1" 404 2152 "http://localhost:3000/" "Mozilla/5.0 (Windows NT 10.0; Win64; x64) AppleWebKit/537.36 (KHTML, like Gecko) Chrome/100.0.4896.127 Safari/537.36"
::1 - - [26/Apr/2022:16:44:43 +0000] "GET / HTTP/1.1" 200 3467 "-" "Mozilla/5.0 (Windows NT 10.0; Win64; x64) AppleWebKit/537.36 (KHTML, like Gecko) Chrome/100.0.4896.127 Safari/537.36"
::1 - - [26/Apr/2022:16:44:44 +0000] "GET /static/js/main.2b2aaff0.chunk.js HTTP/1.1" 200 62069 "http://localhost:5000/" "Mozilla/5.0 (Windows NT 10.0; Win64; x64) AppleWebKit/537.36 (KHTML, like Gecko) Chrome/100.0.4896.127 Safari/537.36"
::1 - - [26/Apr/2022:16:44:44 +0000] "GET /static/css/main.492ec088.chunk.css HTTP/1.1" 200 168584 "http://localhost:5000/" "Mozilla/5.0 (Windows NT 10.0; Win64; x64) AppleWebKit/537.36 (KHTML, like Gecko) Chrome/100.0.4896.127 Safari/537.36"
::1 - - [26/Apr/2022:16:44:44 +0000] "GET /static/js/2.85dacea8.chunk.js HTTP/1.1" 200 416053 "http://localhost:5000/" "Mozilla/5.0 (Windows NT 10.0; Win64; x64) AppleWebKit/537.36 (KHTML, like Gecko) Chrome/100.0.4896.127 Safari/537.36"
::1 - - [26/Apr/2022:16:44:44 +0000] "GET /manifest.json HTTP/1.1" 200 492 "http://localhost:5000/" "Mozilla/5.0 (Windows NT 10.0; Win64; x64) AppleWebKit/537.36 (KHTML, like Gecko) Chrome/100.0.4896.127 Safari/537.36"
::1 - - [26/Apr/2022:16:44:44 +0000] "GET /favicon.ico HTTP/1.1" 200 3870 "http://localhost:5000/" "Mozilla/5.0 (Windows NT 10.0; Win64; x64) AppleWebKit/537.36 (KHTML, like Gecko) Chrome/100.0.4896.127 Safari/537.36"
::1 - - [26/Apr/2022:16:44:44 +0000] "GET /logo192.png HTTP/1.1" 200 5347 "http://localhost:5000/" "Mozilla/5.0 (Windows NT 10.0; Win64; x64) AppleWebKit/537.36 (KHTML, like Gecko) Chrome/100.0.4896.127 Safari/537.36"
::1 - - [26/Apr/2022:16:44:44 +0000] "GET /api/products?keyword= HTTP/1.1" 200 16644 "http://localhost:5000/" "Mozilla/5.0 (Windows NT 10.0; Win64; x64) AppleWebKit/537.36 (KHTML, like Gecko) Chrome/100.0.4896.127 Safari/537.36"
::1 - - [26/Apr/2022:16:44:44 +0000] "GET /images/BEANS.jpg HTTP/1.1" 200 22981 "http://localhost:5000/" "Mozilla/5.0 (Windows NT 10.0; Win64; x64) AppleWebKit/537.36 (KHTML, like Gecko) Chrome/100.0.4896.127 Safari/537.36"
::1 - - [26/Apr/2022:16:44:44 +0000] "GET /images/BITTER_GOURD.jfif HTTP/1.1" 200 14006 "http://localhost:5000/" "Mozilla/5.0 (Windows NT 10.0; Win64; x64) AppleWebKit/537.36 (KHTML, like Gecko) Chrome/100.0.4896.127 Safari/537.36"
::1 - - [26/Apr/2022:16:44:44 +0000] "GET /images/BOTTLE_GOURD.jpg HTTP/1.1" 200 7116 "http://localhost:5000/" "Mozilla/5.0 (Windows NT 10.0; Win64; x64) AppleWebKit/537.36 (KHTML, like Gecko) Chrome/100.0.4896.127 Safari/537.36"
::1 - - [26/Apr/2022:16:44:44 +0000] "GET /images/CLUSTER_BEANS.jpg HTTP/1.1" 200 10956 "http://localhost:5000/" "Mozilla/5.0 (Windows NT 10.0; Win64; x64) AppleWebKit/537.36 (KHTML, like Gecko) Chrome/100.0.4896.127 Safari/537.36"
::1 - - [26/Apr/2022:16:44:44 +0000] "GET /images/CARROT.jfif HTTP/1.1" 200 13670 "http://localhost:5000/" "Mozilla/5.0 (Windows NT 10.0; Win64; x64) AppleWebKit/537.36 (KHTML, like Gecko) Chrome/100.0.4896.127 Safari/537.36"
::1 - - [26/Apr/2022:16:44:44 +0000] "GET /images/CAULIFLOWER.jpg HTTP/1.1" 200 17758 "http://localhost:5000/" "Mozilla/5.0 (Windows NT 10.0; Win64; x64) AppleWebKit/537.36 (KHTML, like Gecko) Chrome/100.0.4896.127 Safari/537.36"
::1 - - [26/Apr/2022:16:44:44 +0000] "GET /images/COCONUT.jpg HTTP/1.1" 200 29225 "http://localhost:5000/" "Mozilla/5.0 (Windows NT 10.0; Win64; x64) AppleWebKit/537.36 (KHTML, like Gecko) Chrome/100.0.4896.127 Safari/537.36"
::1 - - [26/Apr/2022:16:44:44 +0000] "GET /images/CORIANDER.jpg HTTP/1.1" 200 23122 "http://localhost:5000/" "Mozilla/5.0 (Windows NT 10.0; Win64; x64) AppleWebKit/537.36 (KHTML, like Gecko) Chrome/100.0.4896.127 Safari/537.36"
::1 - - [26/Apr/2022:16:44:44 +0000] "GET /images/CUCUMBER.jfif HTTP/1.1" 200 15177 "http://localhost:5000/" "Mozilla/5.0 (Windows NT 10.0; Win64; x64) AppleWebKit/537.36 (KHTML, like Gecko) Chrome/100.0.4896.127 Safari/537.36"
::1 - - [26/Apr/2022:16:44:44 +0000] "GET /images/CURRY_LEAF.jpg HTTP/1.1" 200 15530 "http://localhost:5000/" "Mozilla/5.0 (Windows NT 10.0; Win64; x64) AppleWebKit/537.36 (KHTML, like Gecko) Chrome/100.0.4896.127 Safari/537.36"
::1 - - [26/Apr/2022:16:44:44 +0000] "GET /images/DRUMSTICK.jpg HTTP/1.1" 200 17151 "http://localhost:5000/" "Mozilla/5.0 (Windows NT 10.0; Win64; x64) AppleWebKit/537.36 (KHTML, like Gecko) Chrome/100.0.4896.127 Safari/537.36"
::1 - - [26/Apr/2022:16:44:44 +0000] "GET /images/FENUGREEK.jfif HTTP/1.1" 200 18640 "http://localhost:5000/" "Mozilla/5.0 (Windows NT 10.0; Win64; x64) AppleWebKit/537.36 (KHTML, like Gecko) Chrome/100.0.4896.127 Safari/537.36"
::1 - - [26/Apr/2022:16:44:44 +0000] "GET /images/GARLIC.jfif HTTP/1.1" 200 10477 "http://localhost:5000/" "Mozilla/5.0 (Windows NT 10.0; Win64; x64) AppleWebKit/537.36 (KHTML, like Gecko) Chrome/100.0.4896.127 Safari/537.36"
::1 - - [26/Apr/2022:16:44:44 +0000] "GET /images/GREEN_CAPSICUM.jpg HTTP/1.1" 200 16132 "http://localhost:5000/" "Mozilla/5.0 (Windows NT 10.0; Win64; x64) AppleWebKit/537.36 (KHTML, like Gecko) Chrome/100.0.4896.127 Safari/537.36"
::1 - - [26/Apr/2022:16:44:44 +0000] "GET /images/GREEN_PEAS.jfif HTTP/1.1" 200 14102 "http://localhost:5000/" "Mozilla/5.0 (Windows NT 10.0; Win64; x64) AppleWebKit/537.36 (KHTML, like Gecko) Chrome/100.0.4896.127 Safari/537.36"
::1 - - [26/Apr/2022:16:44:44 +0000] "GET /images/LADY_FINGER.jfif HTTP/1.1" 200 14584 "http://localhost:5000/" "Mozilla/5.0 (Windows NT 10.0; Win64; x64) AppleWebKit/537.36 (KHTML, like Gecko) Chrome/100.0.4896.127 Safari/537.36"
::1 - - [26/Apr/2022:16:44:44 +0000] "GET /images/LEMON.jfif HTTP/1.1" 200 15084 "http://localhost:5000/" "Mozilla/5.0 (Windows NT 10.0; Win64; x64) AppleWebKit/537.36 (KHTML, like Gecko) Chrome/100.0.4896.127 Safari/537.36"
::1 - - [26/Apr/2022:16:44:44 +0000] "GET /images/ONIONS.jpg HTTP/1.1" 200 13654 "http://localhost:5000/" "Mozilla/5.0 (Windows NT 10.0; Win64; x64) AppleWebKit/537.36 (KHTML, like Gecko) Chrome/100.0.4896.127 Safari/537.36"
::1 - - [26/Apr/2022:16:44:45 +0000] "GET /images/POINTED_GOURD.jpg HTTP/1.1" 200 21599 "http://localhost:5000/" "Mozilla/5.0 (Windows NT 10.0; Win64; x64) AppleWebKit/537.36 (KHTML, like Gecko) Chrome/100.0.4896.127 Safari/537.36"
::1 - - [26/Apr/2022:16:44:45 +0000] "GET /images/potato.jfif HTTP/1.1" 200 11346 "http://localhost:5000/" "Mozilla/5.0 (Windows NT 10.0; Win64; x64) AppleWebKit/537.36 (KHTML, like Gecko) Chrome/100.0.4896.127 Safari/537.36"
::1 - - [26/Apr/2022:16:44:45 +0000] "GET /images/Ridge_Gourd.jfif HTTP/1.1" 200 11401 "http://localhost:5000/" "Mozilla/5.0 (Windows NT 10.0; Win64; x64) AppleWebKit/537.36 (KHTML, like Gecko) Chrome/100.0.4896.127 Safari/537.36"
::1 - - [26/Apr/2022:16:44:45 +0000] "GET /images/Sweet_Potato.jfif HTTP/1.1" 200 12815 "http://localhost:5000/" "Mozilla/5.0 (Windows NT 10.0; Win64; x64) AppleWebKit/537.36 (KHTML, like Gecko) Chrome/100.0.4896.127 Safari/537.36"
::1 - - [26/Apr/2022:16:44:45 +0000] "GET /images/TOMATOES.jpg HTTP/1.1" 200 13073 "http://localhost:5000/" "Mozilla/5.0 (Windows NT 10.0; Win64; x64) AppleWebKit/537.36 (KHTML, like Gecko) Chrome/100.0.4896.127 Safari/537.36"
::1 - - [26/Apr/2022:16:44:45 +0000] "GET /images/BRINJAL.jpg HTTP/1.1" 200 15999 "http://localhost:5000/" "Mozilla/5.0 (Windows NT 10.0; Win64; x64) AppleWebKit/537.36 (KHTML, like Gecko) Chrome/100.0.4896.127 Safari/537.36"
::1 - - [26/Apr/2022:16:44:45 +0000] "GET /images/sample.jpg HTTP/1.1" 200 3467 "http://localhost:5000/" "Mozilla/5.0 (Windows NT 10.0; Win64; x64) AppleWebKit/537.36 (KHTML, like Gecko) Chrome/100.0.4896.127 Safari/537.36"
::1 - - [26/Apr/2022:17:59:07 +0000] "GET /images/sample.jpg HTTP/1.1" 304 - "http://localhost:5000/search/tomato" "Mozilla/5.0 (Windows NT 10.0; Win64; x64) AppleWebKit/537.36 (KHTML, like Gecko) Chrome/100.0.4896.127 Safari/537.36"
::1 - - [26/Apr/2022:17:59:09 +0000] "GET /api/products?keyword=tomato HTTP/1.1" 200 613 "http://localhost:5000/search/tomato" "Mozilla/5.0 (Windows NT 10.0; Win64; x64) AppleWebKit/537.36 (KHTML, like Gecko) Chrome/100.0.4896.127 Safari/537.36"
::1 - - [26/Apr/2022:19:01:49 +0000] "GET /search/tomato HTTP/1.1" 404 2144 "-" "Mozilla/5.0 (Windows NT 10.0; Win64; x64) AppleWebKit/537.36 (KHTML, like Gecko) Chrome/100.0.4896.127 Safari/537.36"
::1 - - [26/Apr/2022:19:02:18 +0000] "GET / HTTP/1.1" 200 18 "-" "Mozilla/5.0 (Windows NT 10.0; Win64; x64) AppleWebKit/537.36 (KHTML, like Gecko) Chrome/100.0.4896.127 Safari/537.36"
::ffff:127.0.0.1 - - [26/Apr/2022:19:03:35 +0000] "GET /api/products?keyword= HTTP/1.1" 200 16644 "http://localhost:3000/" "Mozilla/5.0 (Windows NT 10.0; Win64; x64) AppleWebKit/537.36 (KHTML, like Gecko) Chrome/100.0.4896.127 Safari/537.36"
::ffff:127.0.0.1 - - [26/Apr/2022:19:03:35 +0000] "GET /images/sample.jpg HTTP/1.1" 404 2152 "http://localhost:3000/" "Mozilla/5.0 (Windows NT 10.0; Win64; x64) AppleWebKit/537.36 (KHTML, like Gecko) Chrome/100.0.4896.127 Safari/537.36"
::ffff:127.0.0.1 - - [26/Apr/2022:19:10:27 +0000] "GET /api/products?keyword= HTTP/1.1" 304 - "http://localhost:3000/" "Mozilla/5.0 (Windows NT 10.0; Win64; x64) AppleWebKit/537.36 (KHTML, like Gecko) Chrome/100.0.4896.127 Safari/537.36"
::ffff:127.0.0.1 - - [26/Apr/2022:19:10:27 +0000] "GET /images/sample.jpg HTTP/1.1" 404 2152 "http://localhost:3000/" "Mozilla/5.0 (Windows NT 10.0; Win64; x64) AppleWebKit/537.36 (KHTML, like Gecko) Chrome/100.0.4896.127 Safari/537.36"
::ffff:127.0.0.1 - - [26/Apr/2022:19:39:13 +0000] "GET /api/products?keyword= HTTP/1.1" 200 16644 "http://localhost:3000/" "Mozilla/5.0 (Windows NT 10.0; Win64; x64) AppleWebKit/537.36 (KHTML, like Gecko) Chrome/100.0.4896.127 Safari/537.36"
::ffff:127.0.0.1 - - [26/Apr/2022:19:39:13 +0000] "GET /images/sample.jpg HTTP/1.1" 404 2152 "http://localhost:3000/" "Mozilla/5.0 (Windows NT 10.0; Win64; x64) AppleWebKit/537.36 (KHTML, like Gecko) Chrome/100.0.4896.127 Safari/537.36"
::ffff:127.0.0.1 - - [26/Apr/2022:19:39:30 +0000] "GET /api/products?keyword= HTTP/1.1" 304 - "http://localhost:3000/" "Mozilla/5.0 (Windows NT 10.0; Win64; x64) AppleWebKit/537.36 (KHTML, like Gecko) Chrome/100.0.4896.127 Safari/537.36"
::ffff:127.0.0.1 - - [26/Apr/2022:19:39:31 +0000] "GET /images/sample.jpg HTTP/1.1" 404 2152 "http://localhost:3000/" "Mozilla/5.0 (Windows NT 10.0; Win64; x64) AppleWebKit/537.36 (KHTML, like Gecko) Chrome/100.0.4896.127 Safari/537.36"
::ffff:127.0.0.1 - - [26/Apr/2022:19:39:46 +0000] "POST /api/users/login HTTP/1.1" 200 246 "http://localhost:3000/login" "Mozilla/5.0 (Windows NT 10.0; Win64; x64) AppleWebKit/537.36 (KHTML, like Gecko) Chrome/100.0.4896.127 Safari/537.36"
::ffff:127.0.0.1 - - [26/Apr/2022:19:39:47 +0000] "GET /api/products?keyword= HTTP/1.1" 304 - "http://localhost:3000/" "Mozilla/5.0 (Windows NT 10.0; Win64; x64) AppleWebKit/537.36 (KHTML, like Gecko) Chrome/100.0.4896.127 Safari/537.36"
::ffff:127.0.0.1 - - [26/Apr/2022:19:39:47 +0000] "GET /images/sample.jpg HTTP/1.1" 404 2152 "http://localhost:3000/" "Mozilla/5.0 (Windows NT 10.0; Win64; x64) AppleWebKit/537.36 (KHTML, like Gecko) Chrome/100.0.4896.127 Safari/537.36"
::ffff:127.0.0.1 - - [26/Apr/2022:19:39:57 +0000] "GET /api/products?keyword= HTTP/1.1" 304 - "http://localhost:3000/admin/productlist" "Mozilla/5.0 (Windows NT 10.0; Win64; x64) AppleWebKit/537.36 (KHTML, like Gecko) Chrome/100.0.4896.127 Safari/537.36"
::ffff:127.0.0.1 - - [26/Apr/2022:19:40:01 +0000] "GET /api/products/624d5808b9953b2a0055ea4c HTTP/1.1" 200 334 "http://localhost:3000/admin/product/624d5808b9953b2a0055ea4c/edit" "Mozilla/5.0 (Windows NT 10.0; Win64; x64) AppleWebKit/537.36 (KHTML, like Gecko) Chrome/100.0.4896.127 Safari/537.36"
::ffff:127.0.0.1 - - [26/Apr/2022:19:45:19 +0000] "GET /api/products?keyword= HTTP/1.1" 200 16644 "http://localhost:3000/" "Mozilla/5.0 (Windows NT 10.0; Win64; x64) AppleWebKit/537.36 (KHTML, like Gecko) Chrome/100.0.4896.127 Safari/537.36"
::ffff:127.0.0.1 - - [26/Apr/2022:19:45:19 +0000] "GET /images/sample.jpg HTTP/1.1" 404 2152 "http://localhost:3000/" "Mozilla/5.0 (Windows NT 10.0; Win64; x64) AppleWebKit/537.36 (KHTML, like Gecko) Chrome/100.0.4896.127 Safari/537.36"
::ffff:127.0.0.1 - - [26/Apr/2022:19:45:41 +0000] "GET /api/products?keyword= HTTP/1.1" 304 - "http://localhost:3000/admin/productlist" "Mozilla/5.0 (Windows NT 10.0; Win64; x64) AppleWebKit/537.36 (KHTML, like Gecko) Chrome/100.0.4896.127 Safari/537.36"
::ffff:127.0.0.1 - - [26/Apr/2022:19:45:45 +0000] "POST /api/products HTTP/1.1" 201 334 "http://localhost:3000/admin/productlist" "Mozilla/5.0 (Windows NT 10.0; Win64; x64) AppleWebKit/537.36 (KHTML, like Gecko) Chrome/100.0.4896.127 Safari/537.36"
::ffff:127.0.0.1 - - [26/Apr/2022:19:45:46 +0000] "GET /api/products/62684be90bf02b4cec993584 HTTP/1.1" 200 334 "http://localhost:3000/admin/product/62684be90bf02b4cec993584/edit" "Mozilla/5.0 (Windows NT 10.0; Win64; x64) AppleWebKit/537.36 (KHTML, like Gecko) Chrome/100.0.4896.127 Safari/537.36"
::ffff:127.0.0.1 - - [26/Apr/2022:19:47:21 +0000] "GET /api/products?keyword= HTTP/1.1" 200 16979 "http://localhost:3000/" "Mozilla/5.0 (Windows NT 10.0; Win64; x64) AppleWebKit/537.36 (KHTML, like Gecko) Chrome/100.0.4896.127 Safari/537.36"
::ffff:127.0.0.1 - - [26/Apr/2022:19:47:22 +0000] "GET /images/sample.jpg HTTP/1.1" 404 2152 "http://localhost:3000/" "Mozilla/5.0 (Windows NT 10.0; Win64; x64) AppleWebKit/537.36 (KHTML, like Gecko) Chrome/100.0.4896.127 Safari/537.36"
::ffff:127.0.0.1 - - [26/Apr/2022:19:47:25 +0000] "GET /api/products?keyword= HTTP/1.1" 304 - "http://localhost:3000/admin/productlist" "Mozilla/5.0 (Windows NT 10.0; Win64; x64) AppleWebKit/537.36 (KHTML, like Gecko) Chrome/100.0.4896.127 Safari/537.36"
::ffff:127.0.0.1 - - [26/Apr/2022:19:47:29 +0000] "DELETE /api/products/62684be90bf02b4cec993584 HTTP/1.1" 200 29 "http://localhost:3000/admin/productlist" "Mozilla/5.0 (Windows NT 10.0; Win64; x64) AppleWebKit/537.36 (KHTML, like Gecko) Chrome/100.0.4896.127 Safari/537.36"
::ffff:127.0.0.1 - - [26/Apr/2022:19:47:30 +0000] "GET /api/products?keyword= HTTP/1.1" 200 16644 "http://localhost:3000/admin/productlist" "Mozilla/5.0 (Windows NT 10.0; Win64; x64) AppleWebKit/537.36 (KHTML, like Gecko) Chrome/100.0.4896.127 Safari/537.36"
::ffff:127.0.0.1 - - [26/Apr/2022:19:47:33 +0000] "GET /api/products/624d5808b9953b2a0055ea4c HTTP/1.1" 304 - "http://localhost:3000/admin/product/624d5808b9953b2a0055ea4c/edit" "Mozilla/5.0 (Windows NT 10.0; Win64; x64) AppleWebKit/537.36 (KHTML, like Gecko) Chrome/100.0.4896.127 Safari/537.36"
::ffff:127.0.0.1 - - [26/Apr/2022:19:47:46 +0000] "POST /api/upload HTTP/1.1" 200 32 "http://localhost:3000/admin/product/624d5808b9953b2a0055ea4c/edit" "Mozilla/5.0 (Windows NT 10.0; Win64; x64) AppleWebKit/537.36 (KHTML, like Gecko) Chrome/100.0.4896.127 Safari/537.36"
::ffff:127.0.0.1 - - [26/Apr/2022:19:47:56 +0000] "PUT /api/products/624d5808b9953b2a0055ea4c HTTP/1.1" 200 339 "http://localhost:3000/admin/product/624d5808b9953b2a0055ea4c/edit" "Mozilla/5.0 (Windows NT 10.0; Win64; x64) AppleWebKit/537.36 (KHTML, like Gecko) Chrome/100.0.4896.127 Safari/537.36"
::ffff:127.0.0.1 - - [26/Apr/2022:19:47:57 +0000] "GET /api/products?keyword= HTTP/1.1" 200 16649 "http://localhost:3000/admin/productlist" "Mozilla/5.0 (Windows NT 10.0; Win64; x64) AppleWebKit/537.36 (KHTML, like Gecko) Chrome/100.0.4896.127 Safari/537.36"
::ffff:127.0.0.1 - - [26/Apr/2022:19:48:01 +0000] "GET /uploads/image-1651002466311.jpg HTTP/1.1" 200 111053 "http://localhost:3000/" "Mozilla/5.0 (Windows NT 10.0; Win64; x64) AppleWebKit/537.36 (KHTML, like Gecko) Chrome/100.0.4896.127 Safari/537.36"
::ffff:127.0.0.1 - - [26/Apr/2022:19:48:01 +0000] "GET /api/products?keyword= HTTP/1.1" 304 - "http://localhost:3000/" "Mozilla/5.0 (Windows NT 10.0; Win64; x64) AppleWebKit/537.36 (KHTML, like Gecko) Chrome/100.0.4896.127 Safari/537.36"
::ffff:127.0.0.1 - - [26/Apr/2022:19:54:54 +0000] "GET /api/products?keyword= HTTP/1.1" 304 - "http://localhost:3000/" "Mozilla/5.0 (Windows NT 10.0; Win64; x64) AppleWebKit/537.36 (KHTML, like Gecko) Chrome/100.0.4896.127 Safari/537.36"
::ffff:127.0.0.1 - - [26/Apr/2022:19:54:54 +0000] "GET /uploads/image-1651002466311.jpg HTTP/1.1" 304 - "http://localhost:3000/" "Mozilla/5.0 (Windows NT 10.0; Win64; x64) AppleWebKit/537.36 (KHTML, like Gecko) Chrome/100.0.4896.127 Safari/537.36"
::ffff:127.0.0.1 - - [26/Apr/2022:20:08:57 +0000] "GET /api/products?keyword= HTTP/1.1" 304 - "http://localhost:3000/" "Mozilla/5.0 (Windows NT 10.0; Win64; x64) AppleWebKit/537.36 (KHTML, like Gecko) Chrome/100.0.4896.127 Safari/537.36"
::ffff:127.0.0.1 - - [26/Apr/2022:20:08:57 +0000] "GET /uploads/image-1651002466311.jpg HTTP/1.1" 304 - "http://localhost:3000/" "Mozilla/5.0 (Windows NT 10.0; Win64; x64) AppleWebKit/537.36 (KHTML, like Gecko) Chrome/100.0.4896.127 Safari/537.36"
::ffff:127.0.0.1 - - [26/Apr/2022:20:09:02 +0000] "GET /api/products?keyword= HTTP/1.1" 304 - "http://localhost:3000/admin/productlist" "Mozilla/5.0 (Windows NT 10.0; Win64; x64) AppleWebKit/537.36 (KHTML, like Gecko) Chrome/100.0.4896.127 Safari/537.36"
::ffff:127.0.0.1 - - [26/Apr/2022:20:09:04 +0000] "POST /api/products HTTP/1.1" 201 334 "http://localhost:3000/admin/productlist" "Mozilla/5.0 (Windows NT 10.0; Win64; x64) AppleWebKit/537.36 (KHTML, like Gecko) Chrome/100.0.4896.127 Safari/537.36"
::ffff:127.0.0.1 - - [26/Apr/2022:20:09:05 +0000] "GET /api/products/62685160a4262c34c48fbeb6 HTTP/1.1" 200 334 "http://localhost:3000/admin/product/62685160a4262c34c48fbeb6/edit" "Mozilla/5.0 (Windows NT 10.0; Win64; x64) AppleWebKit/537.36 (KHTML, like Gecko) Chrome/100.0.4896.127 Safari/537.36"
::ffff:127.0.0.1 - - [26/Apr/2022:20:09:12 +0000] "POST /api/upload HTTP/1.1" 500 2 "http://localhost:3000/admin/product/62685160a4262c34c48fbeb6/edit" "Mozilla/5.0 (Windows NT 10.0; Win64; x64) AppleWebKit/537.36 (KHTML, like Gecko) Chrome/100.0.4896.127 Safari/537.36"
::ffff:127.0.0.1 - - [26/Apr/2022:20:09:16 +0000] "PUT /api/products/62685160a4262c34c48fbeb6 HTTP/1.1" 200 334 "http://localhost:3000/admin/product/62685160a4262c34c48fbeb6/edit" "Mozilla/5.0 (Windows NT 10.0; Win64; x64) AppleWebKit/537.36 (KHTML, like Gecko) Chrome/100.0.4896.127 Safari/537.36"
::ffff:127.0.0.1 - - [26/Apr/2022:20:09:17 +0000] "GET /api/products?keyword= HTTP/1.1" 200 16984 "http://localhost:3000/admin/productlist" "Mozilla/5.0 (Windows NT 10.0; Win64; x64) AppleWebKit/537.36 (KHTML, like Gecko) Chrome/100.0.4896.127 Safari/537.36"
::ffff:127.0.0.1 - - [26/Apr/2022:20:09:20 +0000] "GET /uploads/image-1651002466311.jpg HTTP/1.1" 304 - "http://localhost:3000/" "Mozilla/5.0 (Windows NT 10.0; Win64; x64) AppleWebKit/537.36 (KHTML, like Gecko) Chrome/100.0.4896.127 Safari/537.36"
::ffff:127.0.0.1 - - [26/Apr/2022:20:09:20 +0000] "GET /images/sample.jpg HTTP/1.1" 404 2152 "http://localhost:3000/" "Mozilla/5.0 (Windows NT 10.0; Win64; x64) AppleWebKit/537.36 (KHTML, like Gecko) Chrome/100.0.4896.127 Safari/537.36"
::ffff:127.0.0.1 - - [26/Apr/2022:20:09:20 +0000] "GET /api/products?keyword= HTTP/1.1" 304 - "http://localhost:3000/" "Mozilla/5.0 (Windows NT 10.0; Win64; x64) AppleWebKit/537.36 (KHTML, like Gecko) Chrome/100.0.4896.127 Safari/537.36"
::ffff:127.0.0.1 - - [26/Apr/2022:20:09:21 +0000] "GET /images/sample.jpg HTTP/1.1" 404 2152 "http://localhost:3000/" "Mozilla/5.0 (Windows NT 10.0; Win64; x64) AppleWebKit/537.36 (KHTML, like Gecko) Chrome/100.0.4896.127 Safari/537.36"
::ffff:127.0.0.1 - - [26/Apr/2022:20:09:26 +0000] "GET /images/sample.jpg HTTP/1.1" 404 2152 "http://localhost:3000/product/62685160a4262c34c48fbeb6" "Mozilla/5.0 (Windows NT 10.0; Win64; x64) AppleWebKit/537.36 (KHTML, like Gecko) Chrome/100.0.4896.127 Safari/537.36"
::ffff:127.0.0.1 - - [26/Apr/2022:20:09:29 +0000] "GET /images/sample.jpg HTTP/1.1" 404 2152 "http://localhost:3000/" "Mozilla/5.0 (Windows NT 10.0; Win64; x64) AppleWebKit/537.36 (KHTML, like Gecko) Chrome/100.0.4896.127 Safari/537.36"
::ffff:127.0.0.1 - - [26/Apr/2022:20:09:29 +0000] "GET /api/products?keyword= HTTP/1.1" 304 - "http://localhost:3000/" "Mozilla/5.0 (Windows NT 10.0; Win64; x64) AppleWebKit/537.36 (KHTML, like Gecko) Chrome/100.0.4896.127 Safari/537.36"
::ffff:127.0.0.1 - - [26/Apr/2022:20:09:30 +0000] "GET /images/sample.jpg HTTP/1.1" 404 2152 "http://localhost:3000/" "Mozilla/5.0 (Windows NT 10.0; Win64; x64) AppleWebKit/537.36 (KHTML, like Gecko) Chrome/100.0.4896.127 Safari/537.36"
::ffff:127.0.0.1 - - [26/Apr/2022:20:09:33 +0000] "GET /api/products?keyword= HTTP/1.1" 304 - "http://localhost:3000/admin/productlist" "Mozilla/5.0 (Windows NT 10.0; Win64; x64) AppleWebKit/537.36 (KHTML, like Gecko) Chrome/100.0.4896.127 Safari/537.36"
::ffff:127.0.0.1 - - [26/Apr/2022:20:09:35 +0000] "POST /api/products HTTP/1.1" 201 334 "http://localhost:3000/admin/productlist" "Mozilla/5.0 (Windows NT 10.0; Win64; x64) AppleWebKit/537.36 (KHTML, like Gecko) Chrome/100.0.4896.127 Safari/537.36"
::ffff:127.0.0.1 - - [26/Apr/2022:20:09:35 +0000] "GET /api/products/6268517fa4262c34c48fbec1 HTTP/1.1" 200 334 "http://localhost:3000/admin/product/6268517fa4262c34c48fbec1/edit" "Mozilla/5.0 (Windows NT 10.0; Win64; x64) AppleWebKit/537.36 (KHTML, like Gecko) Chrome/100.0.4896.127 Safari/537.36"
::ffff:127.0.0.1 - - [26/Apr/2022:20:09:53 +0000] "POST /api/upload HTTP/1.1" 500 2 "http://localhost:3000/admin/product/6268517fa4262c34c48fbec1/edit" "Mozilla/5.0 (Windows NT 10.0; Win64; x64) AppleWebKit/537.36 (KHTML, like Gecko) Chrome/100.0.4896.127 Safari/537.36"
::ffff:127.0.0.1 - - [26/Apr/2022:20:10:05 +0000] "PUT /api/products/6268517fa4262c34c48fbec1 HTTP/1.1" 200 299 "http://localhost:3000/admin/product/6268517fa4262c34c48fbec1/edit" "Mozilla/5.0 (Windows NT 10.0; Win64; x64) AppleWebKit/537.36 (KHTML, like Gecko) Chrome/100.0.4896.127 Safari/537.36"
::ffff:127.0.0.1 - - [26/Apr/2022:20:10:06 +0000] "GET /api/products?keyword= HTTP/1.1" 200 17284 "http://localhost:3000/admin/productlist" "Mozilla/5.0 (Windows NT 10.0; Win64; x64) AppleWebKit/537.36 (KHTML, like Gecko) Chrome/100.0.4896.127 Safari/537.36"
::ffff:127.0.0.1 - - [26/Apr/2022:20:10:09 +0000] "GET /uploads/image-1651002466311.jpg HTTP/1.1" 304 - "http://localhost:3000/" "Mozilla/5.0 (Windows NT 10.0; Win64; x64) AppleWebKit/537.36 (KHTML, like Gecko) Chrome/100.0.4896.127 Safari/537.36"
::ffff:127.0.0.1 - - [26/Apr/2022:20:10:09 +0000] "GET /images/sample.jpg HTTP/1.1" 404 2152 "http://localhost:3000/" "Mozilla/5.0 (Windows NT 10.0; Win64; x64) AppleWebKit/537.36 (KHTML, like Gecko) Chrome/100.0.4896.127 Safari/537.36"
::ffff:127.0.0.1 - - [26/Apr/2022:20:10:09 +0000] "GET /api/products?keyword= HTTP/1.1" 304 - "http://localhost:3000/" "Mozilla/5.0 (Windows NT 10.0; Win64; x64) AppleWebKit/537.36 (KHTML, like Gecko) Chrome/100.0.4896.127 Safari/537.36"
::ffff:127.0.0.1 - - [26/Apr/2022:20:10:09 +0000] "GET /images/sample.jpg HTTP/1.1" 404 2152 "http://localhost:3000/" "Mozilla/5.0 (Windows NT 10.0; Win64; x64) AppleWebKit/537.36 (KHTML, like Gecko) Chrome/100.0.4896.127 Safari/537.36"
::ffff:127.0.0.1 - - [26/Apr/2022:20:10:24 +0000] "GET /api/products?keyword= HTTP/1.1" 304 - "http://localhost:3000/admin/productlist" "Mozilla/5.0 (Windows NT 10.0; Win64; x64) AppleWebKit/537.36 (KHTML, like Gecko) Chrome/100.0.4896.127 Safari/537.36"
::ffff:127.0.0.1 - - [26/Apr/2022:20:10:26 +0000] "POST /api/products HTTP/1.1" 201 334 "http://localhost:3000/admin/productlist" "Mozilla/5.0 (Windows NT 10.0; Win64; x64) AppleWebKit/537.36 (KHTML, like Gecko) Chrome/100.0.4896.127 Safari/537.36"
::ffff:127.0.0.1 - - [26/Apr/2022:20:10:27 +0000] "GET /api/products/626851b2a4262c34c48fbecb HTTP/1.1" 200 334 "http://localhost:3000/admin/product/626851b2a4262c34c48fbecb/edit" "Mozilla/5.0 (Windows NT 10.0; Win64; x64) AppleWebKit/537.36 (KHTML, like Gecko) Chrome/100.0.4896.127 Safari/537.36"
::ffff:127.0.0.1 - - [26/Apr/2022:20:10:56 +0000] "POST /api/upload HTTP/1.1" 500 2 "http://localhost:3000/admin/product/626851b2a4262c34c48fbecb/edit" "Mozilla/5.0 (Windows NT 10.0; Win64; x64) AppleWebKit/537.36 (KHTML, like Gecko) Chrome/100.0.4896.127 Safari/537.36"
::ffff:127.0.0.1 - - [26/Apr/2022:20:12:51 +0000] "GET /api/products?keyword= HTTP/1.1" 200 17619 "http://localhost:3000/" "Mozilla/5.0 (Windows NT 10.0; Win64; x64) AppleWebKit/537.36 (KHTML, like Gecko) Chrome/100.0.4896.127 Safari/537.36"
::ffff:127.0.0.1 - - [26/Apr/2022:20:12:52 +0000] "GET /images/sample.jpg HTTP/1.1" 404 2152 "http://localhost:3000/" "Mozilla/5.0 (Windows NT 10.0; Win64; x64) AppleWebKit/537.36 (KHTML, like Gecko) Chrome/100.0.4896.127 Safari/537.36"
::ffff:127.0.0.1 - - [26/Apr/2022:20:12:52 +0000] "GET /uploads/image-1651002466311.jpg HTTP/1.1" 304 - "http://localhost:3000/" "Mozilla/5.0 (Windows NT 10.0; Win64; x64) AppleWebKit/537.36 (KHTML, like Gecko) Chrome/100.0.4896.127 Safari/537.36"
::ffff:127.0.0.1 - - [26/Apr/2022:20:13:34 +0000] "GET /api/products?keyword= HTTP/1.1" 304 - "http://localhost:3000/" "Mozilla/5.0 (Windows NT 10.0; Win64; x64) AppleWebKit/537.36 (KHTML, like Gecko) Chrome/100.0.4896.127 Safari/537.36"
::ffff:127.0.0.1 - - [26/Apr/2022:20:13:34 +0000] "GET /images/sample.jpg HTTP/1.1" 404 2152 "http://localhost:3000/" "Mozilla/5.0 (Windows NT 10.0; Win64; x64) AppleWebKit/537.36 (KHTML, like Gecko) Chrome/100.0.4896.127 Safari/537.36"
::ffff:127.0.0.1 - - [26/Apr/2022:20:13:34 +0000] "GET /uploads/image-1651002466311.jpg HTTP/1.1" 304 - "http://localhost:3000/" "Mozilla/5.0 (Windows NT 10.0; Win64; x64) AppleWebKit/537.36 (KHTML, like Gecko) Chrome/100.0.4896.127 Safari/537.36"
::ffff:127.0.0.1 - - [26/Apr/2022:20:14:56 +0000] "GET /api/products?keyword= HTTP/1.1" 304 - "http://localhost:3000/admin/productlist" "Mozilla/5.0 (Windows NT 10.0; Win64; x64) AppleWebKit/537.36 (KHTML, like Gecko) Chrome/100.0.4896.127 Safari/537.36"
::ffff:127.0.0.1 - - [26/Apr/2022:20:15:03 +0000] "GET /api/products/626851b2a4262c34c48fbecb HTTP/1.1" 304 - "http://localhost:3000/admin/product/626851b2a4262c34c48fbecb/edit" "Mozilla/5.0 (Windows NT 10.0; Win64; x64) AppleWebKit/537.36 (KHTML, like Gecko) Chrome/100.0.4896.127 Safari/537.36"
::ffff:127.0.0.1 - - [26/Apr/2022:20:15:20 +0000] "POST /api/upload HTTP/1.1" 200 32 "http://localhost:3000/admin/product/626851b2a4262c34c48fbecb/edit" "Mozilla/5.0 (Windows NT 10.0; Win64; x64) AppleWebKit/537.36 (KHTML, like Gecko) Chrome/100.0.4896.127 Safari/537.36"
::ffff:127.0.0.1 - - [26/Apr/2022:20:15:39 +0000] "POST /api/upload HTTP/1.1" 500 1274 "http://localhost:3000/admin/product/626851b2a4262c34c48fbecb/edit" "Mozilla/5.0 (Windows NT 10.0; Win64; x64) AppleWebKit/537.36 (KHTML, like Gecko) Chrome/100.0.4896.127 Safari/537.36"
::ffff:127.0.0.1 - - [26/Apr/2022:20:16:23 +0000] "POST /api/upload HTTP/1.1" 200 32 "http://localhost:3000/admin/product/626851b2a4262c34c48fbecb/edit" "Mozilla/5.0 (Windows NT 10.0; Win64; x64) AppleWebKit/537.36 (KHTML, like Gecko) Chrome/100.0.4896.127 Safari/537.36"
::ffff:127.0.0.1 - - [26/Apr/2022:20:16:30 +0000] "POST /api/upload HTTP/1.1" 500 1274 "http://localhost:3000/admin/product/626851b2a4262c34c48fbecb/edit" "Mozilla/5.0 (Windows NT 10.0; Win64; x64) AppleWebKit/537.36 (KHTML, like Gecko) Chrome/100.0.4896.127 Safari/537.36"
::ffff:127.0.0.1 - - [26/Apr/2022:20:16:33 +0000] "PUT /api/products/626851b2a4262c34c48fbecb HTTP/1.1" 200 342 "http://localhost:3000/admin/product/626851b2a4262c34c48fbecb/edit" "Mozilla/5.0 (Windows NT 10.0; Win64; x64) AppleWebKit/537.36 (KHTML, like Gecko) Chrome/100.0.4896.127 Safari/537.36"
::ffff:127.0.0.1 - - [26/Apr/2022:20:16:34 +0000] "GET /api/products?keyword= HTTP/1.1" 200 17627 "http://localhost:3000/admin/productlist" "Mozilla/5.0 (Windows NT 10.0; Win64; x64) AppleWebKit/537.36 (KHTML, like Gecko) Chrome/100.0.4896.127 Safari/537.36"
::ffff:127.0.0.1 - - [26/Apr/2022:20:16:38 +0000] "GET /images/sample.jpg HTTP/1.1" 404 2152 "http://localhost:3000/" "Mozilla/5.0 (Windows NT 10.0; Win64; x64) AppleWebKit/537.36 (KHTML, like Gecko) Chrome/100.0.4896.127 Safari/537.36"
::ffff:127.0.0.1 - - [26/Apr/2022:20:16:38 +0000] "GET /uploads/image-1651002466311.jpg HTTP/1.1" 304 - "http://localhost:3000/" "Mozilla/5.0 (Windows NT 10.0; Win64; x64) AppleWebKit/537.36 (KHTML, like Gecko) Chrome/100.0.4896.127 Safari/537.36"
::ffff:127.0.0.1 - - [26/Apr/2022:20:16:38 +0000] "GET /uploads/image-1651004183582.jpg HTTP/1.1" 200 196375 "http://localhost:3000/" "Mozilla/5.0 (Windows NT 10.0; Win64; x64) AppleWebKit/537.36 (KHTML, like Gecko) Chrome/100.0.4896.127 Safari/537.36"
::ffff:127.0.0.1 - - [26/Apr/2022:20:16:38 +0000] "GET /api/products?keyword= HTTP/1.1" 304 - "http://localhost:3000/" "Mozilla/5.0 (Windows NT 10.0; Win64; x64) AppleWebKit/537.36 (KHTML, like Gecko) Chrome/100.0.4896.127 Safari/537.36"
::ffff:127.0.0.1 - - [26/Apr/2022:20:16:38 +0000] "GET /images/sample.jpg HTTP/1.1" 404 2152 "http://localhost:3000/" "Mozilla/5.0 (Windows NT 10.0; Win64; x64) AppleWebKit/537.36 (KHTML, like Gecko) Chrome/100.0.4896.127 Safari/537.36"
::ffff:127.0.0.1 - - [26/Apr/2022:20:17:48 +0000] "GET /api/products?keyword= HTTP/1.1" 304 - "http://localhost:3000/" "Mozilla/5.0 (Windows NT 10.0; Win64; x64) AppleWebKit/537.36 (KHTML, like Gecko) Chrome/100.0.4896.127 Safari/537.36"
::ffff:127.0.0.1 - - [26/Apr/2022:20:17:48 +0000] "GET /images/sample.jpg HTTP/1.1" 404 2152 "http://localhost:3000/" "Mozilla/5.0 (Windows NT 10.0; Win64; x64) AppleWebKit/537.36 (KHTML, like Gecko) Chrome/100.0.4896.127 Safari/537.36"
::ffff:127.0.0.1 - - [26/Apr/2022:20:17:48 +0000] "GET /uploads/image-1651002466311.jpg HTTP/1.1" 304 - "http://localhost:3000/" "Mozilla/5.0 (Windows NT 10.0; Win64; x64) AppleWebKit/537.36 (KHTML, like Gecko) Chrome/100.0.4896.127 Safari/537.36"
::ffff:127.0.0.1 - - [26/Apr/2022:20:17:48 +0000] "GET /uploads/image-1651004183582.jpg HTTP/1.1" 304 - "http://localhost:3000/" "Mozilla/5.0 (Windows NT 10.0; Win64; x64) AppleWebKit/537.36 (KHTML, like Gecko) Chrome/100.0.4896.127 Safari/537.36"
::ffff:127.0.0.1 - - [26/Apr/2022:20:34:52 +0000] "GET /api/products?keyword= HTTP/1.1" 304 - "http://localhost:3000/" "Mozilla/5.0 (Windows NT 10.0; Win64; x64) AppleWebKit/537.36 (KHTML, like Gecko) Chrome/100.0.4896.127 Safari/537.36"
::ffff:127.0.0.1 - - [26/Apr/2022:20:34:52 +0000] "GET /uploads/image-1651002466311.jpg HTTP/1.1" 304 - "http://localhost:3000/" "Mozilla/5.0 (Windows NT 10.0; Win64; x64) AppleWebKit/537.36 (KHTML, like Gecko) Chrome/100.0.4896.127 Safari/537.36"
::ffff:127.0.0.1 - - [26/Apr/2022:20:34:53 +0000] "GET /images/sample.jpg HTTP/1.1" 404 2152 "http://localhost:3000/" "Mozilla/5.0 (Windows NT 10.0; Win64; x64) AppleWebKit/537.36 (KHTML, like Gecko) Chrome/100.0.4896.127 Safari/537.36"
::ffff:127.0.0.1 - - [26/Apr/2022:20:34:53 +0000] "GET /uploads/image-1651004183582.jpg HTTP/1.1" 304 - "http://localhost:3000/" "Mozilla/5.0 (Windows NT 10.0; Win64; x64) AppleWebKit/537.36 (KHTML, like Gecko) Chrome/100.0.4896.127 Safari/537.36"
::ffff:127.0.0.1 - - [26/Apr/2022:20:35:07 +0000] "GET /api/products/61d6c81af01ac04d56d52792 HTTP/1.1" 200 1034 "http://localhost:3000/product/61d6c81af01ac04d56d52792" "Mozilla/5.0 (Windows NT 10.0; Win64; x64) AppleWebKit/537.36 (KHTML, like Gecko) Chrome/100.0.4896.127 Safari/537.36"
::1 - - [26/Apr/2022:20:57:46 +0000] "GET / HTTP/1.1" 304 - "-" "Mozilla/5.0 (Windows NT 10.0; Win64; x64) AppleWebKit/537.36 (KHTML, like Gecko) Chrome/100.0.4896.127 Safari/537.36"
::ffff:127.0.0.1 - - [26/Apr/2022:20:57:54 +0000] "GET /api/products?keyword= HTTP/1.1" 304 - "http://localhost:3000/" "Mozilla/5.0 (Windows NT 10.0; Win64; x64) AppleWebKit/537.36 (KHTML, like Gecko) Chrome/100.0.4896.127 Safari/537.36"
::ffff:127.0.0.1 - - [26/Apr/2022:20:57:54 +0000] "GET /images/sample.jpg HTTP/1.1" 404 2152 "http://localhost:3000/" "Mozilla/5.0 (Windows NT 10.0; Win64; x64) AppleWebKit/537.36 (KHTML, like Gecko) Chrome/100.0.4896.127 Safari/537.36"
::ffff:127.0.0.1 - - [26/Apr/2022:20:57:54 +0000] "GET /uploads/image-1651002466311.jpg HTTP/1.1" 304 - "http://localhost:3000/" "Mozilla/5.0 (Windows NT 10.0; Win64; x64) AppleWebKit/537.36 (KHTML, like Gecko) Chrome/100.0.4896.127 Safari/537.36"
::ffff:127.0.0.1 - - [26/Apr/2022:20:57:54 +0000] "GET /uploads/image-1651004183582.jpg HTTP/1.1" 304 - "http://localhost:3000/" "Mozilla/5.0 (Windows NT 10.0; Win64; x64) AppleWebKit/537.36 (KHTML, like Gecko) Chrome/100.0.4896.127 Safari/537.36"
::ffff:127.0.0.1 - - [26/Apr/2022:21:04:50 +0000] "GET /api/products?keyword= HTTP/1.1" 304 - "http://localhost:3000/" "Mozilla/5.0 (Windows NT 10.0; Win64; x64) AppleWebKit/537.36 (KHTML, like Gecko) Chrome/100.0.4896.127 Safari/537.36"
::ffff:127.0.0.1 - - [26/Apr/2022:21:04:50 +0000] "GET /images/sample.jpg HTTP/1.1" 404 2152 "http://localhost:3000/" "Mozilla/5.0 (Windows NT 10.0; Win64; x64) AppleWebKit/537.36 (KHTML, like Gecko) Chrome/100.0.4896.127 Safari/537.36"
::ffff:127.0.0.1 - - [26/Apr/2022:21:04:50 +0000] "GET /uploads/image-1651002466311.jpg HTTP/1.1" 304 - "http://localhost:3000/" "Mozilla/5.0 (Windows NT 10.0; Win64; x64) AppleWebKit/537.36 (KHTML, like Gecko) Chrome/100.0.4896.127 Safari/537.36"
::ffff:127.0.0.1 - - [26/Apr/2022:21:04:51 +0000] "GET /uploads/image-1651004183582.jpg HTTP/1.1" 304 - "http://localhost:3000/" "Mozilla/5.0 (Windows NT 10.0; Win64; x64) AppleWebKit/537.36 (KHTML, like Gecko) Chrome/100.0.4896.127 Safari/537.36"
::ffff:127.0.0.1 - - [26/Apr/2022:21:05:05 +0000] "GET /api/products/61d6c81af01ac04d56d5278f HTTP/1.1" 200 908 "http://localhost:3000/product/61d6c81af01ac04d56d5278f" "Mozilla/5.0 (Windows NT 10.0; Win64; x64) AppleWebKit/537.36 (KHTML, like Gecko) Chrome/100.0.4896.127 Safari/537.36"
::ffff:127.0.0.1 - - [26/Apr/2022:21:05:11 +0000] "GET /api/products?keyword= HTTP/1.1" 304 - "http://localhost:3000/admin/productlist" "Mozilla/5.0 (Windows NT 10.0; Win64; x64) AppleWebKit/537.36 (KHTML, like Gecko) Chrome/100.0.4896.127 Safari/537.36"
::ffff:127.0.0.1 - - [26/Apr/2022:21:05:15 +0000] "DELETE /api/products/6268517fa4262c34c48fbec1 HTTP/1.1" 200 29 "http://localhost:3000/admin/productlist" "Mozilla/5.0 (Windows NT 10.0; Win64; x64) AppleWebKit/537.36 (KHTML, like Gecko) Chrome/100.0.4896.127 Safari/537.36"
::ffff:127.0.0.1 - - [26/Apr/2022:21:05:16 +0000] "GET /api/products?keyword= HTTP/1.1" 200 17327 "http://localhost:3000/admin/productlist" "Mozilla/5.0 (Windows NT 10.0; Win64; x64) AppleWebKit/537.36 (KHTML, like Gecko) Chrome/100.0.4896.127 Safari/537.36"
::ffff:127.0.0.1 - - [26/Apr/2022:21:05:18 +0000] "GET /images/sample.jpg HTTP/1.1" 404 2152 "http://localhost:3000/" "Mozilla/5.0 (Windows NT 10.0; Win64; x64) AppleWebKit/537.36 (KHTML, like Gecko) Chrome/100.0.4896.127 Safari/537.36"
::ffff:127.0.0.1 - - [26/Apr/2022:21:05:18 +0000] "GET /uploads/image-1651002466311.jpg HTTP/1.1" 304 - "http://localhost:3000/" "Mozilla/5.0 (Windows NT 10.0; Win64; x64) AppleWebKit/537.36 (KHTML, like Gecko) Chrome/100.0.4896.127 Safari/537.36"
::ffff:127.0.0.1 - - [26/Apr/2022:21:05:18 +0000] "GET /uploads/image-1651004183582.jpg HTTP/1.1" 304 - "http://localhost:3000/" "Mozilla/5.0 (Windows NT 10.0; Win64; x64) AppleWebKit/537.36 (KHTML, like Gecko) Chrome/100.0.4896.127 Safari/537.36"
::ffff:127.0.0.1 - - [26/Apr/2022:21:05:18 +0000] "GET /api/products?keyword= HTTP/1.1" 304 - "http://localhost:3000/" "Mozilla/5.0 (Windows NT 10.0; Win64; x64) AppleWebKit/537.36 (KHTML, like Gecko) Chrome/100.0.4896.127 Safari/537.36"
::ffff:127.0.0.1 - - [26/Apr/2022:21:05:18 +0000] "GET /images/sample.jpg HTTP/1.1" 404 2152 "http://localhost:3000/" "Mozilla/5.0 (Windows NT 10.0; Win64; x64) AppleWebKit/537.36 (KHTML, like Gecko) Chrome/100.0.4896.127 Safari/537.36"
::ffff:127.0.0.1 - - [26/Apr/2022:21:06:37 +0000] "GET /api/products?keyword= HTTP/1.1" 304 - "http://localhost:3000/" "Mozilla/5.0 (Windows NT 10.0; Win64; x64) AppleWebKit/537.36 (KHTML, like Gecko) Chrome/100.0.4896.127 Safari/537.36"
::ffff:127.0.0.1 - - [26/Apr/2022:21:06:37 +0000] "GET /uploads/image-1651002466311.jpg HTTP/1.1" 304 - "http://localhost:3000/" "Mozilla/5.0 (Windows NT 10.0; Win64; x64) AppleWebKit/537.36 (KHTML, like Gecko) Chrome/100.0.4896.127 Safari/537.36"
::ffff:127.0.0.1 - - [26/Apr/2022:21:06:37 +0000] "GET /images/sample.jpg HTTP/1.1" 404 2152 "http://localhost:3000/" "Mozilla/5.0 (Windows NT 10.0; Win64; x64) AppleWebKit/537.36 (KHTML, like Gecko) Chrome/100.0.4896.127 Safari/537.36"
::ffff:127.0.0.1 - - [26/Apr/2022:21:06:37 +0000] "GET /uploads/image-1651004183582.jpg HTTP/1.1" 304 - "http://localhost:3000/" "Mozilla/5.0 (Windows NT 10.0; Win64; x64) AppleWebKit/537.36 (KHTML, like Gecko) Chrome/100.0.4896.127 Safari/537.36"
::ffff:127.0.0.1 - - [26/Apr/2022:21:11:25 +0000] "GET /api/products?keyword= HTTP/1.1" 304 - "http://localhost:3000/" "Mozilla/5.0 (Windows NT 10.0; Win64; x64) AppleWebKit/537.36 (KHTML, like Gecko) Chrome/100.0.4896.127 Safari/537.36"
::ffff:127.0.0.1 - - [26/Apr/2022:21:11:26 +0000] "GET /uploads/image-1651002466311.jpg HTTP/1.1" 304 - "http://localhost:3000/" "Mozilla/5.0 (Windows NT 10.0; Win64; x64) AppleWebKit/537.36 (KHTML, like Gecko) Chrome/100.0.4896.127 Safari/537.36"
::ffff:127.0.0.1 - - [26/Apr/2022:21:11:26 +0000] "GET /images/sample.jpg HTTP/1.1" 404 2152 "http://localhost:3000/" "Mozilla/5.0 (Windows NT 10.0; Win64; x64) AppleWebKit/537.36 (KHTML, like Gecko) Chrome/100.0.4896.127 Safari/537.36"
::ffff:127.0.0.1 - - [26/Apr/2022:21:11:26 +0000] "GET /uploads/image-1651004183582.jpg HTTP/1.1" 304 - "http://localhost:3000/" "Mozilla/5.0 (Windows NT 10.0; Win64; x64) AppleWebKit/537.36 (KHTML, like Gecko) Chrome/100.0.4896.127 Safari/537.36"
::ffff:127.0.0.1 - - [26/Apr/2022:21:15:50 +0000] "GET /api/products?keyword= HTTP/1.1" 304 - "http://localhost:3000/" "Mozilla/5.0 (Windows NT 10.0; Win64; x64) AppleWebKit/537.36 (KHTML, like Gecko) Chrome/100.0.4896.127 Safari/537.36"
::ffff:127.0.0.1 - - [26/Apr/2022:21:15:50 +0000] "GET /images/sample.jpg HTTP/1.1" 404 2152 "http://localhost:3000/" "Mozilla/5.0 (Windows NT 10.0; Win64; x64) AppleWebKit/537.36 (KHTML, like Gecko) Chrome/100.0.4896.127 Safari/537.36"
::ffff:127.0.0.1 - - [26/Apr/2022:21:15:50 +0000] "GET /uploads/image-1651002466311.jpg HTTP/1.1" 304 - "http://localhost:3000/" "Mozilla/5.0 (Windows NT 10.0; Win64; x64) AppleWebKit/537.36 (KHTML, like Gecko) Chrome/100.0.4896.127 Safari/537.36"
::ffff:127.0.0.1 - - [26/Apr/2022:21:15:50 +0000] "GET /uploads/image-1651004183582.jpg HTTP/1.1" 304 - "http://localhost:3000/" "Mozilla/5.0 (Windows NT 10.0; Win64; x64) AppleWebKit/537.36 (KHTML, like Gecko) Chrome/100.0.4896.127 Safari/537.36"
::ffff:192.168.203.53 - - [26/Apr/2022:21:23:15 +0000] "GET / HTTP/1.1" 200 18 "-" "Avast Antivirus"
::1 - - [26/Apr/2022:21:29:36 +0000] "GET / HTTP/1.1" 304 - "-" "Mozilla/5.0 (Windows NT 10.0; Win64; x64) AppleWebKit/537.36 (KHTML, like Gecko) Chrome/100.0.4896.127 Safari/537.36"
::1 - - [26/Apr/2022:21:30:33 +0000] "GET / HTTP/1.1" 304 - "-" "Mozilla/5.0 (Windows NT 10.0; Win64; x64) AppleWebKit/537.36 (KHTML, like Gecko) Chrome/100.0.4896.127 Safari/537.36"
::1 - - [26/Apr/2022:21:30:35 +0000] "GET / HTTP/1.1" 304 - "-" "Mozilla/5.0 (Windows NT 10.0; Win64; x64) AppleWebKit/537.36 (KHTML, like Gecko) Chrome/100.0.4896.127 Safari/537.36"
::1 - - [26/Apr/2022:21:30:35 +0000] "GET /favicon.ico HTTP/1.1" 404 2140 "http://localhost:5000/" "Mozilla/5.0 (Windows NT 10.0; Win64; x64) AppleWebKit/537.36 (KHTML, like Gecko) Chrome/100.0.4896.127 Safari/537.36"
::ffff:127.0.0.1 - - [26/Apr/2022:21:32:54 +0000] "GET /api/products?keyword= HTTP/1.1" 304 - "http://localhost:3000/" "Mozilla/5.0 (Windows NT 10.0; Win64; x64) AppleWebKit/537.36 (KHTML, like Gecko) Chrome/100.0.4896.127 Safari/537.36"
::ffff:127.0.0.1 - - [26/Apr/2022:21:32:54 +0000] "GET /uploads/image-1651002466311.jpg HTTP/1.1" 304 - "http://localhost:3000/" "Mozilla/5.0 (Windows NT 10.0; Win64; x64) AppleWebKit/537.36 (KHTML, like Gecko) Chrome/100.0.4896.127 Safari/537.36"
::ffff:127.0.0.1 - - [26/Apr/2022:21:32:55 +0000] "GET /images/sample.jpg HTTP/1.1" 404 2152 "http://localhost:3000/" "Mozilla/5.0 (Windows NT 10.0; Win64; x64) AppleWebKit/537.36 (KHTML, like Gecko) Chrome/100.0.4896.127 Safari/537.36"
::ffff:127.0.0.1 - - [26/Apr/2022:21:32:55 +0000] "GET /uploads/image-1651004183582.jpg HTTP/1.1" 304 - "http://localhost:3000/" "Mozilla/5.0 (Windows NT 10.0; Win64; x64) AppleWebKit/537.36 (KHTML, like Gecko) Chrome/100.0.4896.127 Safari/537.36"
::ffff:127.0.0.1 - - [27/Apr/2022:03:25:06 +0000] "GET /api/products?keyword= HTTP/1.1" 304 - "http://localhost:3000/" "Mozilla/5.0 (Windows NT 10.0; Win64; x64) AppleWebKit/537.36 (KHTML, like Gecko) Chrome/100.0.4896.127 Safari/537.36"
::ffff:127.0.0.1 - - [27/Apr/2022:03:25:06 +0000] "GET /uploads/image-1651002466311.jpg HTTP/1.1" 304 - "http://localhost:3000/" "Mozilla/5.0 (Windows NT 10.0; Win64; x64) AppleWebKit/537.36 (KHTML, like Gecko) Chrome/100.0.4896.127 Safari/537.36"
::ffff:127.0.0.1 - - [27/Apr/2022:03:25:06 +0000] "GET /images/sample.jpg HTTP/1.1" 404 2152 "http://localhost:3000/" "Mozilla/5.0 (Windows NT 10.0; Win64; x64) AppleWebKit/537.36 (KHTML, like Gecko) Chrome/100.0.4896.127 Safari/537.36"
::ffff:127.0.0.1 - - [27/Apr/2022:03:25:06 +0000] "GET /uploads/image-1651004183582.jpg HTTP/1.1" 304 - "http://localhost:3000/" "Mozilla/5.0 (Windows NT 10.0; Win64; x64) AppleWebKit/537.36 (KHTML, like Gecko) Chrome/100.0.4896.127 Safari/537.36"
::ffff:127.0.0.1 - - [27/Apr/2022:04:20:17 +0000] "GET /api/products?keyword= HTTP/1.1" 304 - "http://localhost:3000/" "Mozilla/5.0 (Windows NT 10.0; Win64; x64) AppleWebKit/537.36 (KHTML, like Gecko) Chrome/100.0.4896.127 Safari/537.36"
::ffff:127.0.0.1 - - [27/Apr/2022:04:20:17 +0000] "GET /uploads/image-1651002466311.jpg HTTP/1.1" 304 - "http://localhost:3000/" "Mozilla/5.0 (Windows NT 10.0; Win64; x64) AppleWebKit/537.36 (KHTML, like Gecko) Chrome/100.0.4896.127 Safari/537.36"
::ffff:127.0.0.1 - - [27/Apr/2022:04:20:17 +0000] "GET /images/sample.jpg HTTP/1.1" 404 2152 "http://localhost:3000/" "Mozilla/5.0 (Windows NT 10.0; Win64; x64) AppleWebKit/537.36 (KHTML, like Gecko) Chrome/100.0.4896.127 Safari/537.36"
::ffff:127.0.0.1 - - [27/Apr/2022:04:20:17 +0000] "GET /uploads/image-1651004183582.jpg HTTP/1.1" 304 - "http://localhost:3000/" "Mozilla/5.0 (Windows NT 10.0; Win64; x64) AppleWebKit/537.36 (KHTML, like Gecko) Chrome/100.0.4896.127 Safari/537.36"
::ffff:127.0.0.1 - - [27/Apr/2022:04:20:30 +0000] "POST /api/users/login HTTP/1.1" 200 246 "http://localhost:3000/login" "Mozilla/5.0 (Windows NT 10.0; Win64; x64) AppleWebKit/537.36 (KHTML, like Gecko) Chrome/100.0.4896.127 Safari/537.36"
::ffff:127.0.0.1 - - [27/Apr/2022:04:20:30 +0000] "GET /api/products?keyword= HTTP/1.1" 304 - "http://localhost:3000/" "Mozilla/5.0 (Windows NT 10.0; Win64; x64) AppleWebKit/537.36 (KHTML, like Gecko) Chrome/100.0.4896.127 Safari/537.36"
::ffff:127.0.0.1 - - [27/Apr/2022:04:20:31 +0000] "GET /images/sample.jpg HTTP/1.1" 404 2152 "http://localhost:3000/" "Mozilla/5.0 (Windows NT 10.0; Win64; x64) AppleWebKit/537.36 (KHTML, like Gecko) Chrome/100.0.4896.127 Safari/537.36"
::ffff:127.0.0.1 - - [27/Apr/2022:04:20:31 +0000] "GET /uploads/image-1651002466311.jpg HTTP/1.1" 304 - "http://localhost:3000/" "Mozilla/5.0 (Windows NT 10.0; Win64; x64) AppleWebKit/537.36 (KHTML, like Gecko) Chrome/100.0.4896.127 Safari/537.36"
::ffff:127.0.0.1 - - [27/Apr/2022:04:20:31 +0000] "GET /uploads/image-1651004183582.jpg HTTP/1.1" 304 - "http://localhost:3000/" "Mozilla/5.0 (Windows NT 10.0; Win64; x64) AppleWebKit/537.36 (KHTML, like Gecko) Chrome/100.0.4896.127 Safari/537.36"
::ffff:127.0.0.1 - - [27/Apr/2022:04:20:41 +0000] "GET /api/users HTTP/1.1" 200 5170 "http://localhost:3000/admin/userlist" "Mozilla/5.0 (Windows NT 10.0; Win64; x64) AppleWebKit/537.36 (KHTML, like Gecko) Chrome/100.0.4896.127 Safari/537.36"
::ffff:127.0.0.1 - - [27/Apr/2022:04:21:00 +0000] "GET /api/users/6247eb416cb83a1bd0e2f26d HTTP/1.1" 200 199 "http://localhost:3000/admin/user/6247eb416cb83a1bd0e2f26d/edit" "Mozilla/5.0 (Windows NT 10.0; Win64; x64) AppleWebKit/537.36 (KHTML, like Gecko) Chrome/100.0.4896.127 Safari/537.36"
::ffff:127.0.0.1 - - [27/Apr/2022:04:21:03 +0000] "PUT /api/users/6247eb416cb83a1bd0e2f26d HTTP/1.1" 200 112 "http://localhost:3000/admin/user/6247eb416cb83a1bd0e2f26d/edit" "Mozilla/5.0 (Windows NT 10.0; Win64; x64) AppleWebKit/537.36 (KHTML, like Gecko) Chrome/100.0.4896.127 Safari/537.36"
::ffff:127.0.0.1 - - [27/Apr/2022:04:21:04 +0000] "GET /api/users/6247eb416cb83a1bd0e2f26d HTTP/1.1" 200 198 "http://localhost:3000/admin/user/6247eb416cb83a1bd0e2f26d/edit" "Mozilla/5.0 (Windows NT 10.0; Win64; x64) AppleWebKit/537.36 (KHTML, like Gecko) Chrome/100.0.4896.127 Safari/537.36"
::ffff:127.0.0.1 - - [27/Apr/2022:04:21:10 +0000] "PUT /api/users/6247eb416cb83a1bd0e2f26d HTTP/1.1" 200 100 "http://localhost:3000/admin/user/6247eb416cb83a1bd0e2f26d/edit" "Mozilla/5.0 (Windows NT 10.0; Win64; x64) AppleWebKit/537.36 (KHTML, like Gecko) Chrome/100.0.4896.127 Safari/537.36"
::ffff:127.0.0.1 - - [27/Apr/2022:04:21:10 +0000] "GET /api/users/6247eb416cb83a1bd0e2f26d HTTP/1.1" 200 186 "http://localhost:3000/admin/user/6247eb416cb83a1bd0e2f26d/edit" "Mozilla/5.0 (Windows NT 10.0; Win64; x64) AppleWebKit/537.36 (KHTML, like Gecko) Chrome/100.0.4896.127 Safari/537.36"
::ffff:127.0.0.1 - - [27/Apr/2022:04:21:12 +0000] "GET /api/users HTTP/1.1" 200 5157 "http://localhost:3000/admin/userlist" "Mozilla/5.0 (Windows NT 10.0; Win64; x64) AppleWebKit/537.36 (KHTML, like Gecko) Chrome/100.0.4896.127 Safari/537.36"
::ffff:127.0.0.1 - - [27/Apr/2022:04:30:10 +0000] "POST /api/users/login HTTP/1.1" 200 246 "http://localhost:3000/login" "Mozilla/5.0 (Windows NT 10.0; Win64; x64) AppleWebKit/537.36 (KHTML, like Gecko) Chrome/100.0.4896.127 Safari/537.36"
::ffff:127.0.0.1 - - [27/Apr/2022:04:30:10 +0000] "GET /api/products?keyword= HTTP/1.1" 304 - "http://localhost:3000/" "Mozilla/5.0 (Windows NT 10.0; Win64; x64) AppleWebKit/537.36 (KHTML, like Gecko) Chrome/100.0.4896.127 Safari/537.36"
::ffff:127.0.0.1 - - [27/Apr/2022:04:30:10 +0000] "GET /images/sample.jpg HTTP/1.1" 404 2152 "http://localhost:3000/" "Mozilla/5.0 (Windows NT 10.0; Win64; x64) AppleWebKit/537.36 (KHTML, like Gecko) Chrome/100.0.4896.127 Safari/537.36"
::ffff:127.0.0.1 - - [27/Apr/2022:04:30:10 +0000] "GET /uploads/image-1651002466311.jpg HTTP/1.1" 304 - "http://localhost:3000/" "Mozilla/5.0 (Windows NT 10.0; Win64; x64) AppleWebKit/537.36 (KHTML, like Gecko) Chrome/100.0.4896.127 Safari/537.36"
::ffff:127.0.0.1 - - [27/Apr/2022:04:30:10 +0000] "GET /uploads/image-1651004183582.jpg HTTP/1.1" 304 - "http://localhost:3000/" "Mozilla/5.0 (Windows NT 10.0; Win64; x64) AppleWebKit/537.36 (KHTML, like Gecko) Chrome/100.0.4896.127 Safari/537.36"
::ffff:127.0.0.1 - - [27/Apr/2022:04:35:07 +0000] "POST /api/users/login HTTP/1.1" 200 246 "http://localhost:3000/login" "Mozilla/5.0 (Windows NT 10.0; Win64; x64) AppleWebKit/537.36 (KHTML, like Gecko) Chrome/100.0.4896.127 Safari/537.36"
::ffff:127.0.0.1 - - [27/Apr/2022:04:35:07 +0000] "GET /images/sample.jpg HTTP/1.1" 404 2152 "http://localhost:3000/" "Mozilla/5.0 (Windows NT 10.0; Win64; x64) AppleWebKit/537.36 (KHTML, like Gecko) Chrome/100.0.4896.127 Safari/537.36"
::ffff:127.0.0.1 - - [27/Apr/2022:04:35:08 +0000] "GET /api/products?keyword= HTTP/1.1" 304 - "http://localhost:3000/" "Mozilla/5.0 (Windows NT 10.0; Win64; x64) AppleWebKit/537.36 (KHTML, like Gecko) Chrome/100.0.4896.127 Safari/537.36"
::ffff:127.0.0.1 - - [27/Apr/2022:04:35:08 +0000] "GET /images/sample.jpg HTTP/1.1" 404 2152 "http://localhost:3000/" "Mozilla/5.0 (Windows NT 10.0; Win64; x64) AppleWebKit/537.36 (KHTML, like Gecko) Chrome/100.0.4896.127 Safari/537.36"
::ffff:127.0.0.1 - - [27/Apr/2022:04:36:24 +0000] "POST /api/users/login HTTP/1.1" 200 245 "http://localhost:3000/login" "Mozilla/5.0 (Windows NT 10.0; Win64; x64) AppleWebKit/537.36 (KHTML, like Gecko) Chrome/100.0.4896.127 Safari/537.36"
::ffff:127.0.0.1 - - [27/Apr/2022:04:36:24 +0000] "GET /images/sample.jpg HTTP/1.1" 404 2152 "http://localhost:3000/" "Mozilla/5.0 (Windows NT 10.0; Win64; x64) AppleWebKit/537.36 (KHTML, like Gecko) Chrome/100.0.4896.127 Safari/537.36"
::ffff:127.0.0.1 - - [27/Apr/2022:04:36:24 +0000] "GET /api/products?keyword= HTTP/1.1" 304 - "http://localhost:3000/" "Mozilla/5.0 (Windows NT 10.0; Win64; x64) AppleWebKit/537.36 (KHTML, like Gecko) Chrome/100.0.4896.127 Safari/537.36"
::ffff:127.0.0.1 - - [27/Apr/2022:04:36:24 +0000] "GET /images/sample.jpg HTTP/1.1" 404 2152 "http://localhost:3000/" "Mozilla/5.0 (Windows NT 10.0; Win64; x64) AppleWebKit/537.36 (KHTML, like Gecko) Chrome/100.0.4896.127 Safari/537.36"
